lcd.c:33:6:LCD_WR_REG	8	static
lcd.c:40:6:LCD_WR_DATA	8	static
lcd.c:47:5:LCD_RD_DATA	8	static
lcd.c:56:6:LCD_WriteReg	0	static
lcd.c:64:5:LCD_ReadReg	8	static
lcd.c:71:6:LCD_WriteRAM_Prepare	0	static
lcd.c:77:6:LCD_WriteRAM	0	static
lcd.c:85:5:LCD_BGR2RGB	0	static
lcd.c:96:6:opt_delay	0	static
lcd.c:122:6:LCD_DisplayOn	0	static
lcd.c:128:6:LCD_DisplayOff	0	static
lcd.c:136:6:LCD_SetCursor	16	static
lcd.c:103:5:LCD_ReadPoint	8	static
lcd.c:175:6:LCD_Scan_Dir	8	static
lcd.c:271:6:LCD_DrawPoint	8	static
lcd.c:282:6:LCD_DrawPointcolor	8	static
lcd.c:292:6:LCD_Fast_DrawPoint	24	static
lcd.c:321:6:LCD_SSD_BackLightSet	8	static
lcd.c:334:6:LCD_Display_Dir	8	static
lcd.c:402:6:LCD_Set_Window	32	static
lcd.c:1784:6:LCD_Clear	16	static
lcd.c:447:6:LCD_Init	40	static
lcd.c:1801:6:LCD_Fill	24	static
lcd.c:1818:6:LCD_Color_Fill	32	static
lcd.c:1836:6:LCD_DrawLine	56	static
lcd.c:1872:6:LCD_DrawRectangle	24	static
lcd.c:1882:6:LCD_Draw_Circle	64	static
lcd.c:1928:6:LCD_Draw_CircleColor	88	static
lcd.c:1976:6:LCD_ShowChar	64	static
lcd.c:2008:6:LCD_ShowChar1	64	static
lcd.c:2039:6:LCD_ShowBigString	56	static
lcd.c:2055:5:LCD_Pow	0	static
lcd.c:2067:6:LCD_ShowNum	56	static
lcd.c:2095:6:LCD_ShowxNum	64	static
lcd.c:2120:6:LCD_ShowString	56	static
