w25qxx.c:42:13:W25qxx_DMA_Callback	0	static
w25qxx.c:52:17:W25qxx_AddressCmds	0	static
w25qxx.c:62:16:W25qxx_Spi	32	static
w25qxx.c:99:13:W25qxx_WriteEnable	8	static,ignoring_inline_asm
w25qxx.c:191:13:W25qxx_WaitForWriteEnd	16	static,ignoring_inline_asm
w25qxx.c:75:10:W25qxx_ReadID	16	static
w25qxx.c:88:6:W25qxx_ReadUniqID	16	static
w25qxx.c:208:6:W25qxx_CheckForWriteEndAndUnlock	16	static
w25qxx.c:220:6:W25qxx_CheckForReadEndAndUnlock	8	static
w25qxx.c:263:6:W25qxx_Init	24	static,ignoring_inline_asm
w25qxx.c:389:6:W25qxx_EraseChip_Initiate	16	static
w25qxx.c:404:6:W25qxx_EraseChip	8	static
w25qxx.c:412:6:W25qxx_EraseSector_Initiate	40	static
w25qxx.c:432:6:W25qxx_EraseSector	8	static
w25qxx.c:440:6:W25qxx_EraseBlock_Initiate	40	static
w25qxx.c:461:6:W25qxx_EraseBlock	8	static
w25qxx.c:469:6:W25qxx_Erase32kBlock_Initiate	40	static
w25qxx.c:490:6:W25qxx_Erase32kBlock	8	static
w25qxx.c:498:10:W25qxx_PageToSector	0	static
w25qxx.c:503:10:W25qxx_PageToBlock	0	static
w25qxx.c:508:10:W25qxx_SectorToBlock	0	static
w25qxx.c:513:10:W25qxx_SectorToPage	0	static
w25qxx.c:518:10:W25qxx_BlockToPage	0	static
w25qxx.c:523:7:W25qxx_IsEmptyPage	88	static,ignoring_inline_asm
w25qxx.c:586:7:W25qxx_IsEmptySector	88	static,ignoring_inline_asm
w25qxx.c:649:7:W25qxx_IsEmptyBlock	88	static,ignoring_inline_asm
w25qxx.c:712:6:W25qxx_WriteByte_Initiate	40	static
w25qxx.c:732:6:W25qxx_WriteByte	16	static
w25qxx.c:740:6:W25qxx_WritePage_Initiate	48	static,ignoring_inline_asm
w25qxx.c:766:6:W25qxx_WritePage	24	static
w25qxx.c:774:6:W25qxx_WriteSector	32	static
w25qxx.c:813:7:W25qxx_WriteBlock	32	static
w25qxx.c:852:6:W25qxx_ReadByte_Initiate	48	static
w25qxx.c:871:6:W25qxx_ReadByte	16	static
w25qxx.c:879:6:W25qxx_ReadBytes_Initiate	48	static,ignoring_inline_asm
w25qxx.c:898:6:W25qxx_ReadBytes	16	static
w25qxx.c:906:6:W25qxx_ReadPage_Initiate	40	static,ignoring_inline_asm
w25qxx.c:931:6:W25qxx_ReadPage	24	static
w25qxx.c:939:7:W25qxx_ReadSector	32	static
w25qxx.c:978:7:W25qxx_ReadBlock	32	static
