lcd.c:33:6:LCD_WR_REG	16	static
lcd.c:40:6:LCD_WR_DATA	16	static
lcd.c:47:5:LCD_RD_DATA	16	static
lcd.c:56:6:LCD_WriteReg	16	static
lcd.c:64:5:LCD_ReadReg	16	static
lcd.c:71:6:LCD_WriteRAM_Prepare	4	static
lcd.c:77:6:LCD_WriteRAM	16	static
lcd.c:85:5:LCD_BGR2RGB	24	static
lcd.c:96:6:opt_delay	16	static
lcd.c:103:5:LCD_ReadPoint	24	static
lcd.c:122:6:LCD_DisplayOn	8	static
lcd.c:128:6:LCD_DisplayOff	8	static
lcd.c:136:6:LCD_SetCursor	16	static
lcd.c:175:6:LCD_Scan_Dir	24	static
lcd.c:271:6:LCD_DrawPoint	16	static
lcd.c:282:6:LCD_DrawPointcolor	16	static
lcd.c:292:6:LCD_Fast_DrawPoint	16	static
lcd.c:321:6:LCD_SSD_BackLightSet	16	static
lcd.c:334:6:LCD_Display_Dir	16	static
lcd.c:402:6:LCD_Set_Window	32	static
lcd.c:447:6:LCD_Init	8	static
lcd.c:1784:6:LCD_Clear	24	static
lcd.c:1801:6:LCD_Fill	32	static
lcd.c:1818:6:LCD_Color_Fill	32	static
lcd.c:1836:6:LCD_DrawLine	64	static
lcd.c:1872:6:LCD_DrawRectangle	24	static
lcd.c:1882:6:LCD_Draw_Circle	32	static
lcd.c:1928:6:LCD_Draw_CircleColor	48	static
lcd.c:1976:6:LCD_ShowChar	32	static
lcd.c:2008:6:LCD_ShowChar1	40	static
lcd.c:2039:6:LCD_ShowBigString	40	static
lcd.c:2055:5:LCD_Pow	24	static
lcd.c:2067:6:LCD_ShowNum	48	static
lcd.c:2095:6:LCD_ShowxNum	48	static
lcd.c:2120:6:LCD_ShowString	40	static
