Archive member included to satisfy reference by file (symbol)

d:/st/stm32cubeide_1.7.0/stm32cubeide/plugins/com.st.stm32cube.ide.mcu.externaltools.gnu-tools-for-stm32.9-2020-q2-update.win32_2.0.0.202105311346/tools/bin/../lib/gcc/arm-none-eabi/9.3.1/../../../../arm-none-eabi/lib/thumb/v7e-m+fp/hard\libc_nano.a(lib_a-atoi.o)
                              ./Middlewares/Third_Party/LwIP/src/core/netif.o (atoi)
d:/st/stm32cubeide_1.7.0/stm32cubeide/plugins/com.st.stm32cube.ide.mcu.externaltools.gnu-tools-for-stm32.9-2020-q2-update.win32_2.0.0.202105311346/tools/bin/../lib/gcc/arm-none-eabi/9.3.1/../../../../arm-none-eabi/lib/thumb/v7e-m+fp/hard\libc_nano.a(lib_a-ctype_.o)
                              ./Middlewares/Third_Party/LwIP/src/core/ipv4/ip4_addr.o (_ctype_)
d:/st/stm32cubeide_1.7.0/stm32cubeide/plugins/com.st.stm32cube.ide.mcu.externaltools.gnu-tools-for-stm32.9-2020-q2-update.win32_2.0.0.202105311346/tools/bin/../lib/gcc/arm-none-eabi/9.3.1/../../../../arm-none-eabi/lib/thumb/v7e-m+fp/hard\libc_nano.a(lib_a-exit.o)
                              d:/st/stm32cubeide_1.7.0/stm32cubeide/plugins/com.st.stm32cube.ide.mcu.externaltools.gnu-tools-for-stm32.9-2020-q2-update.win32_2.0.0.202105311346/tools/bin/../lib/gcc/arm-none-eabi/9.3.1/../../../../arm-none-eabi/lib/thumb/v7e-m+fp/hard/crt0.o (exit)
d:/st/stm32cubeide_1.7.0/stm32cubeide/plugins/com.st.stm32cube.ide.mcu.externaltools.gnu-tools-for-stm32.9-2020-q2-update.win32_2.0.0.202105311346/tools/bin/../lib/gcc/arm-none-eabi/9.3.1/../../../../arm-none-eabi/lib/thumb/v7e-m+fp/hard\libc_nano.a(lib_a-impure.o)
                              d:/st/stm32cubeide_1.7.0/stm32cubeide/plugins/com.st.stm32cube.ide.mcu.externaltools.gnu-tools-for-stm32.9-2020-q2-update.win32_2.0.0.202105311346/tools/bin/../lib/gcc/arm-none-eabi/9.3.1/../../../../arm-none-eabi/lib/thumb/v7e-m+fp/hard\libc_nano.a(lib_a-exit.o) (_global_impure_ptr)
d:/st/stm32cubeide_1.7.0/stm32cubeide/plugins/com.st.stm32cube.ide.mcu.externaltools.gnu-tools-for-stm32.9-2020-q2-update.win32_2.0.0.202105311346/tools/bin/../lib/gcc/arm-none-eabi/9.3.1/../../../../arm-none-eabi/lib/thumb/v7e-m+fp/hard\libc_nano.a(lib_a-init.o)
                              d:/st/stm32cubeide_1.7.0/stm32cubeide/plugins/com.st.stm32cube.ide.mcu.externaltools.gnu-tools-for-stm32.9-2020-q2-update.win32_2.0.0.202105311346/tools/bin/../lib/gcc/arm-none-eabi/9.3.1/../../../../arm-none-eabi/lib/thumb/v7e-m+fp/hard/crt0.o (__libc_init_array)
d:/st/stm32cubeide_1.7.0/stm32cubeide/plugins/com.st.stm32cube.ide.mcu.externaltools.gnu-tools-for-stm32.9-2020-q2-update.win32_2.0.0.202105311346/tools/bin/../lib/gcc/arm-none-eabi/9.3.1/../../../../arm-none-eabi/lib/thumb/v7e-m+fp/hard\libc_nano.a(lib_a-malloc.o)
                              ./Core/Src/freertos.o (free)
d:/st/stm32cubeide_1.7.0/stm32cubeide/plugins/com.st.stm32cube.ide.mcu.externaltools.gnu-tools-for-stm32.9-2020-q2-update.win32_2.0.0.202105311346/tools/bin/../lib/gcc/arm-none-eabi/9.3.1/../../../../arm-none-eabi/lib/thumb/v7e-m+fp/hard\libc_nano.a(lib_a-memcmp.o)
                              ./Middlewares/Third_Party/LwIP/src/netif/bridgeif_fdb.o (memcmp)
d:/st/stm32cubeide_1.7.0/stm32cubeide/plugins/com.st.stm32cube.ide.mcu.externaltools.gnu-tools-for-stm32.9-2020-q2-update.win32_2.0.0.202105311346/tools/bin/../lib/gcc/arm-none-eabi/9.3.1/../../../../arm-none-eabi/lib/thumb/v7e-m+fp/hard\libc_nano.a(lib_a-memcpy-stub.o)
                              ./LWIP/Target/ethernetif.o (memcpy)
d:/st/stm32cubeide_1.7.0/stm32cubeide/plugins/com.st.stm32cube.ide.mcu.externaltools.gnu-tools-for-stm32.9-2020-q2-update.win32_2.0.0.202105311346/tools/bin/../lib/gcc/arm-none-eabi/9.3.1/../../../../arm-none-eabi/lib/thumb/v7e-m+fp/hard\libc_nano.a(lib_a-memmove.o)
                              ./Middlewares/Third_Party/LwIP/src/core/def.o (memmove)
d:/st/stm32cubeide_1.7.0/stm32cubeide/plugins/com.st.stm32cube.ide.mcu.externaltools.gnu-tools-for-stm32.9-2020-q2-update.win32_2.0.0.202105311346/tools/bin/../lib/gcc/arm-none-eabi/9.3.1/../../../../arm-none-eabi/lib/thumb/v7e-m+fp/hard\libc_nano.a(lib_a-memset.o)
                              d:/st/stm32cubeide_1.7.0/stm32cubeide/plugins/com.st.stm32cube.ide.mcu.externaltools.gnu-tools-for-stm32.9-2020-q2-update.win32_2.0.0.202105311346/tools/bin/../lib/gcc/arm-none-eabi/9.3.1/../../../../arm-none-eabi/lib/thumb/v7e-m+fp/hard/crt0.o (memset)
d:/st/stm32cubeide_1.7.0/stm32cubeide/plugins/com.st.stm32cube.ide.mcu.externaltools.gnu-tools-for-stm32.9-2020-q2-update.win32_2.0.0.202105311346/tools/bin/../lib/gcc/arm-none-eabi/9.3.1/../../../../arm-none-eabi/lib/thumb/v7e-m+fp/hard\libc_nano.a(lib_a-nano-freer.o)
                              d:/st/stm32cubeide_1.7.0/stm32cubeide/plugins/com.st.stm32cube.ide.mcu.externaltools.gnu-tools-for-stm32.9-2020-q2-update.win32_2.0.0.202105311346/tools/bin/../lib/gcc/arm-none-eabi/9.3.1/../../../../arm-none-eabi/lib/thumb/v7e-m+fp/hard\libc_nano.a(lib_a-malloc.o) (_free_r)
[...]
Memory Configuration

Name             Origin             Length             Attributes
CCMRAM           0x0000000010000000 0x0000000000010000 xrw
RAM              0x0000000020000000 0x0000000000030000 xrw
FLASH            0x0000000008000000 0x0000000000100000 xr
*default*        0x0000000000000000 0xffffffffffffffff

Linker script and memory map

LOAD d:/st/stm32cubeide_1.7.0/stm32cubeide/plugins/com.st.stm32cube.ide.mcu.externaltools.gnu-tools-for-stm32.9-2020-q2-update.win32_2.0.0.202105311346/tools/bin/../lib/gcc/arm-none-eabi/9.3.1/thumb/v7e-m+fp/hard/crti.o
LOAD d:/st/stm32cubeide_1.7.0/stm32cubeide/plugins/com.st.stm32cube.ide.mcu.externaltools.gnu-tools-for-stm32.9-2020-q2-update.win32_2.0.0.202105311346/tools/bin/../lib/gcc/arm-none-eabi/9.3.1/thumb/v7e-m+fp/hard/crtbegin.o
LOAD d:/st/stm32cubeide_1.7.0/stm32cubeide/plugins/com.st.stm32cube.ide.mcu.externaltools.gnu-tools-for-stm32.9-2020-q2-update.win32_2.0.0.202105311346/tools/bin/../lib/gcc/arm-none-eabi/9.3.1/../../../../arm-none-eabi/lib/thumb/v7e-m+fp/hard/crt0.o
LOAD ./Core/Src/at24cxx.o
LOAD ./Core/Src/dma.o
LOAD ./Core/Src/ds_ina226..o
LOAD ./Core/Src/fmc.o
LOAD ./Core/Src/freertos.o
LOAD ./Core/Src/gpio.o
LOAD ./Core/Src/i2c.o
LOAD ./Core/Src/lcd.o
LOAD ./Core/Src/lcdtest.o
LOAD ./Core/Src/main.o
LOAD ./Core/Src/rgb5050.o
LOAD ./Core/Src/spi.o
LOAD ./Core/Src/stm32f4xx_hal_msp.o
LOAD ./Core/Src/stm32f4xx_hal_timebase_tim.o
LOAD ./Core/Src/stm32f4xx_it.o
LOAD ./Core/Src/syscalls.o
LOAD ./Core/Src/sysmem.o
LOAD ./Core/Src/system_stm32f4xx.o
LOAD ./Core/Src/tim.o
LOAD ./Core/Src/usart.o
LOAD ./Core/Src/w25qxx.o
LOAD ./Core/Startup/startup_stm32f429igtx.o
LOAD ./Drivers/STM32F4xx_HAL_Driver/Src/stm32f4xx_hal.o
LOAD ./Drivers/STM32F4xx_HAL_Driver/Src/stm32f4xx_hal_cortex.o
LOAD ./Drivers/STM32F4xx_HAL_Driver/Src/stm32f4xx_hal_dma.o
LOAD ./Drivers/STM32F4xx_HAL_Driver/Src/stm32f4xx_hal_dma_ex.o
LOAD ./Drivers/STM32F4xx_HAL_Driver/Src/stm32f4xx_hal_eth.o
LOAD ./Drivers/STM32F4xx_HAL_Driver/Src/stm32f4xx_hal_exti.o
LOAD ./Drivers/STM32F4xx_HAL_Driver/Src/stm32f4xx_hal_flash.o
LOAD ./Drivers/STM32F4xx_HAL_Driver/Src/stm32f4xx_hal_flash_ex.o
LOAD ./Drivers/STM32F4xx_HAL_Driver/Src/stm32f4xx_hal_flash_ramfunc.o
LOAD ./Drivers/STM32F4xx_HAL_Driver/Src/stm32f4xx_hal_gpio.o
LOAD ./Drivers/STM32F4xx_HAL_Driver/Src/stm32f4xx_hal_i2c.o
LOAD ./Drivers/STM32F4xx_HAL_Driver/Src/stm32f4xx_hal_i2c_ex.o
LOAD ./Drivers/STM32F4xx_HAL_Driver/Src/stm32f4xx_hal_pwr.o
LOAD ./Drivers/STM32F4xx_HAL_Driver/Src/stm32f4xx_hal_pwr_ex.o
LOAD ./Drivers/STM32F4xx_HAL_Driver/Src/stm32f4xx_hal_rcc.o
LOAD ./Drivers/STM32F4xx_HAL_Driver/Src/stm32f4xx_hal_rcc_ex.o
LOAD ./Drivers/STM32F4xx_HAL_Driver/Src/stm32f4xx_hal_spi.o
LOAD ./Drivers/STM32F4xx_HAL_Driver/Src/stm32f4xx_hal_sram.o
LOAD ./Drivers/STM32F4xx_HAL_Driver/Src/stm32f4xx_hal_tim.o
LOAD ./Drivers/STM32F4xx_HAL_Driver/Src/stm32f4xx_hal_tim_ex.o
LOAD ./Drivers/STM32F4xx_HAL_Driver/Src/stm32f4xx_hal_uart.o
LOAD ./Drivers/STM32F4xx_HAL_Driver/Src/stm32f4xx_ll_fmc.o
LOAD ./LWIP/App/lwip.o
LOAD ./LWIP/Target/ethernetif.o
LOAD ./Middlewares/Third_Party/FreeRTOS/Source/CMSIS_RTOS_V2/cmsis_os2.o
LOAD ./Middlewares/Third_Party/FreeRTOS/Source/croutine.o
LOAD ./Middlewares/Third_Party/FreeRTOS/Source/event_groups.o
LOAD ./Middlewares/Third_Party/FreeRTOS/Source/list.o
LOAD ./Middlewares/Third_Party/FreeRTOS/Source/queue.o
LOAD ./Middlewares/Third_Party/FreeRTOS/Source/stream_buffer.o
LOAD ./Middlewares/Third_Party/FreeRTOS/Source/tasks.o
LOAD ./Middlewares/Third_Party/FreeRTOS/Source/timers.o
LOAD ./Middlewares/Third_Party/FreeRTOS/Source/portable/GCC/ARM_CM4F/port.o
LOAD ./Middlewares/Third_Party/FreeRTOS/Source/portable/MemMang/heap_4.o
LOAD ./Middlewares/Third_Party/LwIP/src/api/api_lib.o
LOAD ./Middlewares/Third_Party/LwIP/src/api/api_msg.o
LOAD ./Middlewares/Third_Party/LwIP/src/api/err.o
LOAD ./Middlewares/Third_Party/LwIP/src/api/if_api.o
LOAD ./Middlewares/Third_Party/LwIP/src/api/netbuf.o
LOAD ./Middlewares/Third_Party/LwIP/src/api/netdb.o
LOAD ./Middlewares/Third_Party/LwIP/src/api/netifapi.o
LOAD ./Middlewares/Third_Party/LwIP/src/api/sockets.o
LOAD ./Middlewares/Third_Party/LwIP/src/api/tcpip.o
LOAD ./Middlewares/Third_Party/LwIP/src/apps/mqtt/mqtt.o
LOAD ./Middlewares/Third_Party/LwIP/src/apps/tftp/tftp_server.o
LOAD ./Middlewares/Third_Party/LwIP/src/core/altcp.o
LOAD ./Middlewares/Third_Party/LwIP/src/core/altcp_alloc.o
LOAD ./Middlewares/Third_Party/LwIP/src/core/altcp_tcp.o
LOAD ./Middlewares/Third_Party/LwIP/src/core/def.o
LOAD ./Middlewares/Third_Party/LwIP/src/core/dns.o
LOAD ./Middlewares/Third_Party/LwIP/src/core/inet_chksum.o
LOAD ./Middlewares/Third_Party/LwIP/src/core/init.o
LOAD ./Middlewares/Third_Party/LwIP/src/core/ip.o
LOAD ./Middlewares/Third_Party/LwIP/src/core/mem.o
LOAD ./Middlewares/Third_Party/LwIP/src/core/memp.o
LOAD ./Middlewares/Third_Party/LwIP/src/core/netif.o
LOAD ./Middlewares/Third_Party/LwIP/src/core/pbuf.o
LOAD ./Middlewares/Third_Party/LwIP/src/core/raw.o
LOAD ./Middlewares/Third_Party/LwIP/src/core/stats.o
LOAD ./Middlewares/Third_Party/LwIP/src/core/sys.o
LOAD ./Middlewares/Third_Party/LwIP/src/core/tcp.o
LOAD ./Middlewares/Third_Party/LwIP/src/core/tcp_in.o
LOAD ./Middlewares/Third_Party/LwIP/src/core/tcp_out.o
LOAD ./Middlewares/Third_Party/LwIP/src/core/timeouts.o
LOAD ./Middlewares/Third_Party/LwIP/src/core/udp.o
LOAD ./Middlewares/Third_Party/LwIP/src/core/ipv4/autoip.o
LOAD ./Middlewares/Third_Party/LwIP/src/core/ipv4/dhcp.o
LOAD ./Middlewares/Third_Party/LwIP/src/core/ipv4/etharp.o
LOAD ./Middlewares/Third_Party/LwIP/src/core/ipv4/icmp.o
LOAD ./Middlewares/Third_Party/LwIP/src/core/ipv4/igmp.o
LOAD ./Middlewares/Third_Party/LwIP/src/core/ipv4/ip4.o
LOAD ./Middlewares/Third_Party/LwIP/src/core/ipv4/ip4_addr.o
LOAD ./Middlewares/Third_Party/LwIP/src/core/ipv4/ip4_frag.o
LOAD ./Middlewares/Third_Party/LwIP/src/core/ipv6/dhcp6.o
LOAD ./Middlewares/Third_Party/LwIP/src/core/ipv6/ethip6.o
LOAD ./Middlewares/Third_Party/LwIP/src/core/ipv6/icmp6.o
LOAD ./Middlewares/Third_Party/LwIP/src/core/ipv6/inet6.o
LOAD ./Middlewares/Third_Party/LwIP/src/core/ipv6/ip6.o
LOAD ./Middlewares/Third_Party/LwIP/src/core/ipv6/ip6_addr.o
LOAD ./Middlewares/Third_Party/LwIP/src/core/ipv6/ip6_frag.o
LOAD ./Middlewares/Third_Party/LwIP/src/core/ipv6/mld6.o
LOAD ./Middlewares/Third_Party/LwIP/src/core/ipv6/nd6.o
LOAD ./Middlewares/Third_Party/LwIP/src/netif/bridgeif.o
LOAD ./Middlewares/Third_Party/LwIP/src/netif/bridgeif_fdb.o
LOAD ./Middlewares/Third_Party/LwIP/src/netif/ethernet.o
LOAD ./Middlewares/Third_Party/LwIP/src/netif/lowpan6.o
LOAD ./Middlewares/Third_Party/LwIP/src/netif/lowpan6_ble.o
LOAD ./Middlewares/Third_Party/LwIP/src/netif/lowpan6_common.o
LOAD ./Middlewares/Third_Party/LwIP/src/netif/slipif.o
LOAD ./Middlewares/Third_Party/LwIP/src/netif/zepif.o
LOAD ./Middlewares/Third_Party/LwIP/src/netif/ppp/auth.o
LOAD ./Middlewares/Third_Party/LwIP/src/netif/ppp/ccp.o
LOAD ./Middlewares/Third_Party/LwIP/src/netif/ppp/chap-md5.o
LOAD ./Middlewares/Third_Party/LwIP/src/netif/ppp/chap-new.o
LOAD ./Middlewares/Third_Party/LwIP/src/netif/ppp/chap_ms.o
LOAD ./Middlewares/Third_Party/LwIP/src/netif/ppp/demand.o
LOAD ./Middlewares/Third_Party/LwIP/src/netif/ppp/eap.o
LOAD ./Middlewares/Third_Party/LwIP/src/netif/ppp/ecp.o
LOAD ./Middlewares/Third_Party/LwIP/src/netif/ppp/eui64.o
LOAD ./Middlewares/Third_Party/LwIP/src/netif/ppp/fsm.o
LOAD ./Middlewares/Third_Party/LwIP/src/netif/ppp/ipcp.o
LOAD ./Middlewares/Third_Party/LwIP/src/netif/ppp/ipv6cp.o
LOAD ./Middlewares/Third_Party/LwIP/src/netif/ppp/lcp.o
LOAD ./Middlewares/Third_Party/LwIP/src/netif/ppp/magic.o
LOAD ./Middlewares/Third_Party/LwIP/src/netif/ppp/mppe.o
LOAD ./Middlewares/Third_Party/LwIP/src/netif/ppp/multilink.o
LOAD ./Middlewares/Third_Party/LwIP/src/netif/ppp/ppp.o
LOAD ./Middlewares/Third_Party/LwIP/src/netif/ppp/pppapi.o
LOAD ./Middlewares/Third_Party/LwIP/src/netif/ppp/pppcrypt.o
LOAD ./Middlewares/Third_Party/LwIP/src/netif/ppp/pppoe.o
LOAD ./Middlewares/Third_Party/LwIP/src/netif/ppp/pppol2tp.o
LOAD ./Middlewares/Third_Party/LwIP/src/netif/ppp/pppos.o
LOAD ./Middlewares/Third_Party/LwIP/src/netif/ppp/upap.o
LOAD ./Middlewares/Third_Party/LwIP/src/netif/ppp/utils.o
LOAD ./Middlewares/Third_Party/LwIP/src/netif/ppp/vj.o
LOAD ./Middlewares/Third_Party/LwIP/system/OS/sys_arch.o
START GROUP
LOAD d:/st/stm32cubeide_1.7.0/stm32cubeide/plugins/com.st.stm32cube.ide.mcu.externaltools.gnu-tools-for-stm32.9-2020-q2-update.win32_2.0.0.202105311346/tools/bin/../lib/gcc/arm-none-eabi/9.3.1/../../../../arm-none-eabi/lib/thumb/v7e-m+fp/hard\libc_nano.a
LOAD d:/st/stm32cubeide_1.7.0/stm32cubeide/plugins/com.st.stm32cube.ide.mcu.externaltools.gnu-tools-for-stm32.9-2020-q2-update.win32_2.0.0.202105311346/tools/bin/../lib/gcc/arm-none-eabi/9.3.1/../../../../arm-none-eabi/lib/thumb/v7e-m+fp/hard\libm.a
END GROUP
START GROUP
LOAD d:/st/stm32cubeide_1.7.0/stm32cubeide/plugins/com.st.stm32cube.ide.mcu.externaltools.gnu-tools-for-stm32.9-2020-q2-update.win32_2.0.0.202105311346/tools/bin/../lib/gcc/arm-none-eabi/9.3.1/thumb/v7e-m+fp/hard\libgcc.a
LOAD d:/st/stm32cubeide_1.7.0/stm32cubeide/plugins/com.st.stm32cube.ide.mcu.externaltools.gnu-tools-for-stm32.9-2020-q2-update.win32_2.0.0.202105311346/tools/bin/../lib/gcc/arm-none-eabi/9.3.1/../../../../arm-none-eabi/lib/thumb/v7e-m+fp/hard\libc_nano.a
END GROUP
START GROUP
LOAD d:/st/stm32cubeide_1.7.0/stm32cubeide/plugins/com.st.stm32cube.ide.mcu.externaltools.gnu-tools-for-stm32.9-2020-q2-update.win32_2.0.0.202105311346/tools/bin/../lib/gcc/arm-none-eabi/9.3.1/thumb/v7e-m+fp/hard\libgcc.a
LOAD d:/st/stm32cubeide_1.7.0/stm32cubeide/plugins/com.st.stm32cube.ide.mcu.externaltools.gnu-tools-for-stm32.9-2020-q2-update.win32_2.0.0.202105311346/tools/bin/../lib/gcc/arm-none-eabi/9.3.1/../../../../arm-none-eabi/lib/thumb/v7e-m+fp/hard\libc_nano.a
LOAD d:/st/stm32cubeide_1.7.0/stm32cubeide/plugins/com.st.stm32cube.ide.mcu.externaltools.gnu-tools-for-stm32.9-2020-q2-update.win32_2.0.0.202105311346/tools/bin/../lib/gcc/arm-none-eabi/9.3.1/../../../../arm-none-eabi/lib/thumb/v7e-m+fp/hard\libnosys.a
END GROUP
START GROUP
LOAD d:/st/stm32cubeide_1.7.0/stm32cubeide/plugins/com.st.stm32cube.ide.mcu.externaltools.gnu-tools-for-stm32.9-2020-q2-update.win32_2.0.0.202105311346/tools/bin/../lib/gcc/arm-none-eabi/9.3.1/thumb/v7e-m+fp/hard\libgcc.a
LOAD d:/st/stm32cubeide_1.7.0/stm32cubeide/plugins/com.st.stm32cube.ide.mcu.externaltools.gnu-tools-for-stm32.9-2020-q2-update.win32_2.0.0.202105311346/tools/bin/../lib/gcc/arm-none-eabi/9.3.1/../../../../arm-none-eabi/lib/thumb/v7e-m+fp/hard\libc_nano.a
LOAD d:/st/stm32cubeide_1.7.0/stm32cubeide/plugins/com.st.stm32cube.ide.mcu.externaltools.gnu-tools-for-stm32.9-2020-q2-update.win32_2.0.0.202105311346/tools/bin/../lib/gcc/arm-none-eabi/9.3.1/../../../../arm-none-eabi/lib/thumb/v7e-m+fp/hard\libnosys.a
END GROUP
LOAD d:/st/stm32cubeide_1.7.0/stm32cubeide/plugins/com.st.stm32cube.ide.mcu.externaltools.gnu-tools-for-stm32.9-2020-q2-update.win32_2.0.0.202105311346/tools/bin/../lib/gcc/arm-none-eabi/9.3.1/thumb/v7e-m+fp/hard/crtend.o
LOAD d:/st/stm32cubeide_1.7.0/stm32cubeide/plugins/com.st.stm32cube.ide.mcu.externaltools.gnu-tools-for-stm32.9-2020-q2-update.win32_2.0.0.202105311346/tools/bin/../lib/gcc/arm-none-eabi/9.3.1/thumb/v7e-m+fp/hard/crtn.o
                0x0000000020030000                _estack = (ORIGIN (RAM) + LENGTH (RAM))
                0x0000000000000200                _Min_Heap_Size = 0x200
                0x0000000000000400                _Min_Stack_Size = 0x400

.isr_vector     0x0000000008000000      0x1ac
                0x0000000008000000                . = ALIGN (0x4)
 *(.isr_vector)
 .isr_vector    0x0000000008000000      0x1ac ./Core/Startup/startup_stm32f429igtx.o
                0x0000000008000000                g_pfnVectors
                0x00000000080001ac                . = ALIGN (0x4)

.text           0x00000000080001b0    0x17050
                0x00000000080001b0                . = ALIGN (0x4)
 *(.text)
 .text          0x00000000080001b0       0x40 d:/st/stm32cubeide_1.7.0/stm32cubeide/plugins/com.st.stm32cube.ide.mcu.externaltools.gnu-tools-for-stm32.9-2020-q2-update.win32_2.0.0.202105311346/tools/bin/../lib/gcc/arm-none-eabi/9.3.1/thumb/v7e-m+fp/hard/crtbegin.o
 .text          0x00000000080001f0       0x10 d:/st/stm32cubeide_1.7.0/stm32cubeide/plugins/com.st.stm32cube.ide.mcu.externaltools.gnu-tools-for-stm32.9-2020-q2-update.win32_2.0.0.202105311346/tools/bin/../lib/gcc/arm-none-eabi/9.3.1/../../../../arm-none-eabi/lib/thumb/v7e-m+fp/hard\libc_nano.a(lib_a-strlen.o)
                0x00000000080001f0                strlen
 .text          0x0000000008000200       0xa0 d:/st/stm32cubeide_1.7.0/stm32cubeide/plugins/com.st.stm32cube.ide.mcu.externaltools.gnu-tools-for-stm32.9-2020-q2-update.win32_2.0.0.202105311346/tools/bin/../lib/gcc/arm-none-eabi/9.3.1/../../../../arm-none-eabi/lib/thumb/v7e-m+fp/hard\libc_nano.a(lib_a-memchr.o)
                0x0000000008000200                memchr
 .text          0x00000000080002a0      0x378 d:/st/stm32cubeide_1.7.0/stm32cubeide/plugins/com.st.stm32cube.ide.mcu.externaltools.gnu-tools-for-stm32.9-2020-q2-update.win32_2.0.0.202105311346/tools/bin/../lib/gcc/arm-none-eabi/9.3.1/thumb/v7e-m+fp/hard\libgcc.a(_arm_addsubdf3.o)
                0x00000000080002a0                __aeabi_drsub
                0x00000000080002a8                __aeabi_dsub
                0x00000000080002a8                __subdf3
                0x00000000080002ac                __aeabi_dadd
                0x00000000080002ac                __adddf3
                0x0000000008000524                __floatunsidf
                0x0000000008000524                __aeabi_ui2d
                0x0000000008000544                __floatsidf
                0x0000000008000544                __aeabi_i2d
                0x0000000008000568                __aeabi_f2d
                0x0000000008000568                __extendsfdf2
                0x00000000080005ac                __floatundidf
                0x00000000080005ac                __aeabi_ul2d
                0x00000000080005bc                __floatdidf
                0x00000000080005bc                __aeabi_l2d
 .text          0x0000000008000618      0x424 d:/st/stm32cubeide_1.7.0/stm32cubeide/plugins/com.st.stm32cube.ide.mcu.externaltools.gnu-tools-for-stm32.9-2020-q2-update.win32_2.0.0.202105311346/tools/bin/../lib/gcc/arm-none-eabi/9.3.1/thumb/v7e-m+fp/hard\libgcc.a(_arm_muldivdf3.o)
                0x0000000008000618                __aeabi_dmul
                0x0000000008000618                __muldf3
                0x000000000800086c                __divdf3
                0x000000000800086c                __aeabi_ddiv
 .text          0x0000000008000a3c      0x110 d:/st/stm32cubeide_1.7.0/stm32cubeide/plugins/com.st.stm32cube.ide.mcu.externaltools.gnu-tools-for-stm32.9-2020-q2-update.win32_2.0.0.202105311346/tools/bin/../lib/gcc/arm-none-eabi/9.3.1/thumb/v7e-m+fp/hard\libgcc.a(_arm_cmpdf2.o)
                0x0000000008000a3c                __gtdf2
                0x0000000008000a3c                __gedf2
                0x0000000008000a44                __ltdf2
                0x0000000008000a44                __ledf2
                0x0000000008000a4c                __nedf2
                0x0000000008000a4c                __eqdf2
                0x0000000008000a4c                __cmpdf2
                0x0000000008000ac8                __aeabi_cdrcmple
                0x0000000008000ad8                __aeabi_cdcmpeq
                0x0000000008000ad8                __aeabi_cdcmple
                0x0000000008000ae8                __aeabi_dcmpeq
                0x0000000008000afc                __aeabi_dcmplt
                0x0000000008000b10                __aeabi_dcmple
                0x0000000008000b24                __aeabi_dcmpge
                0x0000000008000b38                __aeabi_dcmpgt
 .text          0x0000000008000b4c       0x2c d:/st/stm32cubeide_1.7.0/stm32cubeide/plugins/com.st.stm32cube.ide.mcu.externaltools.gnu-tools-for-stm32.9-2020-q2-update.win32_2.0.0.202105311346/tools/bin/../lib/gcc/arm-none-eabi/9.3.1/thumb/v7e-m+fp/hard\libgcc.a(_arm_unorddf2.o)
                0x0000000008000b4c                __unorddf2
                0x0000000008000b4c                __aeabi_dcmpun
 .text          0x0000000008000b78       0x50 d:/st/stm32cubeide_1.7.0/stm32cubeide/plugins/com.st.stm32cube.ide.mcu.externaltools.gnu-tools-for-stm32.9-2020-q2-update.win32_2.0.0.202105311346/tools/bin/../lib/gcc/arm-none-eabi/9.3.1/thumb/v7e-m+fp/hard\libgcc.a(_arm_fixdfsi.o)
                0x0000000008000b78                __aeabi_d2iz
                0x0000000008000b78                __fixdfsi
 .text          0x0000000008000bc8       0x40 d:/st/stm32cubeide_1.7.0/stm32cubeide/plugins/com.st.stm32cube.ide.mcu.externaltools.gnu-tools-for-stm32.9-2020-q2-update.win32_2.0.0.202105311346/tools/bin/../lib/gcc/arm-none-eabi/9.3.1/thumb/v7e-m+fp/hard\libgcc.a(_arm_fixunsdfsi.o)
                0x0000000008000bc8                __aeabi_d2uiz
                0x0000000008000bc8                __fixunsdfsi
 .text          0x0000000008000c08       0xa0 d:/st/stm32cubeide_1.7.0/stm32cubeide/plugins/com.st.stm32cube.ide.mcu.externaltools.gnu-tools-for-stm32.9-2020-q2-update.win32_2.0.0.202105311346/tools/bin/../lib/gcc/arm-none-eabi/9.3.1/thumb/v7e-m+fp/hard\libgcc.a(_arm_truncdfsf2.o)
                0x0000000008000c08                __truncdfsf2
                0x0000000008000c08                __aeabi_d2f
 .text          0x0000000008000ca8       0x30 d:/st/stm32cubeide_1.7.0/stm32cubeide/plugins/com.st.stm32cube.ide.mcu.externaltools.gnu-tools-for-stm32.9-2020-q2-update.win32_2.0.0.202105311346/tools/bin/../lib/gcc/arm-none-eabi/9.3.1/thumb/v7e-m+fp/hard\libgcc.a(_aeabi_uldivmod.o)
                0x0000000008000ca8                __aeabi_uldivmod
 .text          0x0000000008000cd8      0x2c4 d:/st/stm32cubeide_1.7.0/stm32cubeide/plugins/com.st.stm32cube.ide.mcu.externaltools.gnu-tools-for-stm32.9-2020-q2-update.win32_2.0.0.202105311346/tools/bin/../lib/gcc/arm-none-eabi/9.3.1/thumb/v7e-m+fp/hard\libgcc.a(_udivmoddi4.o)
                0x0000000008000cd8                __udivmoddi4
 .text          0x0000000008000f9c        0x4 d:/st/stm32cubeide_1.7.0/stm32cubeide/plugins/com.st.stm32cube.ide.mcu.externaltools.gnu-tools-for-stm32.9-2020-q2-update.win32_2.0.0.202105311346/tools/bin/../lib/gcc/arm-none-eabi/9.3.1/thumb/v7e-m+fp/hard\libgcc.a(_dvmd_tls.o)
                0x0000000008000f9c                __aeabi_idiv0
                0x0000000008000f9c                __aeabi_ldiv0
 *(.text*)
 .text.MX_DMA_Init
                0x0000000008000fa0       0x68 ./Core/Src/dma.o
                0x0000000008000fa0                MX_DMA_Init
 .text.INA226_setConfig
                0x0000000008001008       0x24 ./Core/Src/ds_ina226..o
                0x0000000008001008                INA226_setConfig
 .text.INA226_getBusVReg
                0x000000000800102c       0x3e ./Core/Src/ds_ina226..o
                0x000000000800102c                INA226_getBusVReg
 .text.INA226_getBusV
                0x000000000800106a       0x10 ./Core/Src/ds_ina226..o
                0x000000000800106a                INA226_getBusV
 .text.INA226_setCalibrationReg
                0x000000000800107a       0x24 ./Core/Src/ds_ina226..o
                0x000000000800107a                INA226_setCalibrationReg
 .text.INA226_getCurrentReg
                0x000000000800109e       0x3c ./Core/Src/ds_ina226..o
                0x000000000800109e                INA226_getCurrentReg
 *fill*         0x00000000080010da        0x2 
 .text.INA226_getCurrent
                0x00000000080010dc       0x1c ./Core/Src/ds_ina226..o
                0x00000000080010dc                INA226_getCurrent
 .text.MX_FMC_Init
                0x00000000080010f8       0x78 ./Core/Src/fmc.o
                0x00000000080010f8                MX_FMC_Init
 .text.HAL_SRAM_MspInit
                0x0000000008001170       0x6c ./Core/Src/fmc.o
                0x0000000008001170                HAL_SRAM_MspInit
 .text.StartDefaultTask
                0x00000000080011dc      0x118 ./Core/Src/freertos.o
                0x00000000080011dc                StartDefaultTask
 *fill*         0x00000000080012f4        0x4 
 .text.StartPingTask
                0x00000000080012f8       0xf0 ./Core/Src/freertos.o
                0x00000000080012f8                StartPingTask
 .text.StartUartTask
                0x00000000080013e8       0x18 ./Core/Src/freertos.o
                0x00000000080013e8                StartUartTask
 .text.StartFlash_w25q
                0x0000000008001400      0x11c ./Core/Src/freertos.o
                0x0000000008001400                StartFlash_w25q
 .text.StartAT24C16Start
                0x000000000800151c      0x314 ./Core/Src/freertos.o
                0x000000000800151c                StartAT24C16Start
 .text.MX_FREERTOS_Init
                0x0000000008001830       0x90 ./Core/Src/freertos.o
                0x0000000008001830                MX_FREERTOS_Init
 .text.MX_GPIO_Init
                0x00000000080018c0      0x194 ./Core/Src/gpio.o
                0x00000000080018c0                MX_GPIO_Init
 .text.MX_I2C1_Init
                0x0000000008001a54       0x58 ./Core/Src/i2c.o
                0x0000000008001a54                MX_I2C1_Init
 .text.HAL_I2C_MspInit
                0x0000000008001aac       0x70 ./Core/Src/i2c.o
                0x0000000008001aac                HAL_I2C_MspInit
 .text.LCD_WR_REG
                0x0000000008001b1c       0x24 ./Core/Src/lcd.o
                0x0000000008001b1c                LCD_WR_REG
 .text.LCD_WR_DATA
                0x0000000008001b40       0x24 ./Core/Src/lcd.o
                0x0000000008001b40                LCD_WR_DATA
 .text.LCD_RD_DATA
                0x0000000008001b64       0x1c ./Core/Src/lcd.o
                0x0000000008001b64                LCD_RD_DATA
 .text.LCD_WriteRAM_Prepare
                0x0000000008001b80       0x14 ./Core/Src/lcd.o
                0x0000000008001b80                LCD_WriteRAM_Prepare
 .text.LCD_SetCursor
                0x0000000008001b94      0x100 ./Core/Src/lcd.o
                0x0000000008001b94                LCD_SetCursor
 .text.LCD_Scan_Dir
                0x0000000008001c94      0x190 ./Core/Src/lcd.o
                0x0000000008001c94                LCD_Scan_Dir
 .text.LCD_DrawPointcolor
                0x0000000008001e24       0x18 ./Core/Src/lcd.o
                0x0000000008001e24                LCD_DrawPointcolor
 .text.LCD_Fast_DrawPoint
                0x0000000008001e3c       0xe4 ./Core/Src/lcd.o
                0x0000000008001e3c                LCD_Fast_DrawPoint
 .text.LCD_SSD_BackLightSet
                0x0000000008001f20       0x50 ./Core/Src/lcd.o
                0x0000000008001f20                LCD_SSD_BackLightSet
 .text.LCD_Display_Dir
                0x0000000008001f70      0x100 ./Core/Src/lcd.o
                0x0000000008001f70                LCD_Display_Dir
 .text.LCD_Clear
                0x0000000008002070       0x34 ./Core/Src/lcd.o
                0x0000000008002070                LCD_Clear
 .text.LCD_Init
                0x00000000080020a4     0x2520 ./Core/Src/lcd.o
                0x00000000080020a4                LCD_Init
 .text.LCD_Draw_Circle
                0x00000000080045c4      0x1ca ./Core/Src/lcd.o
                0x00000000080045c4                LCD_Draw_Circle
 *fill*         0x000000000800478e        0x2 
 .text.LCD_ShowChar
                0x0000000008004790      0x120 ./Core/Src/lcd.o
                0x0000000008004790                LCD_ShowChar
 .text.LCD_ShowChar1
                0x00000000080048b0      0x104 ./Core/Src/lcd.o
                0x00000000080048b0                LCD_ShowChar1
 .text.LCD_ShowBigString
                0x00000000080049b4       0x62 ./Core/Src/lcd.o
                0x00000000080049b4                LCD_ShowBigString
 .text.LCD_ShowString
                0x0000000008004a16       0x5e ./Core/Src/lcd.o
                0x0000000008004a16                LCD_ShowString
 .text.__io_putchar
                0x0000000008004a74       0x20 ./Core/Src/main.o
                0x0000000008004a74                __io_putchar
 .text.SystemClock_Config
                0x0000000008004a94       0xa8 ./Core/Src/main.o
                0x0000000008004a94                SystemClock_Config
 .text.startup.main
                0x0000000008004b3c       0x3c ./Core/Src/main.o
                0x0000000008004b3c                main
 .text.HAL_TIM_PeriodElapsedCallback
                0x0000000008004b78       0x14 ./Core/Src/main.o
                0x0000000008004b78                HAL_TIM_PeriodElapsedCallback
 .text.Error_Handler
                0x0000000008004b8c        0x4 ./Core/Src/main.o
                0x0000000008004b8c                Error_Handler
 .text.ws2812_set_RGB
                0x0000000008004b90       0x4c ./Core/Src/rgb5050.o
                0x0000000008004b90                ws2812_set_RGB
 .text.ws2812_init
                0x0000000008004bdc       0x40 ./Core/Src/rgb5050.o
                0x0000000008004bdc                ws2812_init
 .text.ws2812_blue
                0x0000000008004c1c       0x34 ./Core/Src/rgb5050.o
                0x0000000008004c1c                ws2812_blue
 .text.ws2812_red
                0x0000000008004c50       0x34 ./Core/Src/rgb5050.o
                0x0000000008004c50                ws2812_red
 .text.ws2812_green
                0x0000000008004c84       0x34 ./Core/Src/rgb5050.o
                0x0000000008004c84                ws2812_green
 .text.ws2812_example
                0x0000000008004cb8       0x68 ./Core/Src/rgb5050.o
                0x0000000008004cb8                ws2812_example
 .text.MX_SPI2_Init
                0x0000000008004d20       0x44 ./Core/Src/spi.o
                0x0000000008004d20                MX_SPI2_Init
 .text.HAL_SPI_MspInit
                0x0000000008004d64       0xf4 ./Core/Src/spi.o
                0x0000000008004d64                HAL_SPI_MspInit
 .text.HAL_MspInit
                0x0000000008004e58       0x40 ./Core/Src/stm32f4xx_hal_msp.o
                0x0000000008004e58                HAL_MspInit
 .text.HAL_InitTick
                0x0000000008004e98       0x7c ./Core/Src/stm32f4xx_hal_timebase_tim.o
                0x0000000008004e98                HAL_InitTick
 .text.NMI_Handler
                0x0000000008004f14        0x2 ./Core/Src/stm32f4xx_it.o
                0x0000000008004f14                NMI_Handler
 .text.HardFault_Handler
                0x0000000008004f16        0x2 ./Core/Src/stm32f4xx_it.o
                0x0000000008004f16                HardFault_Handler
 .text.MemManage_Handler
                0x0000000008004f18        0x2 ./Core/Src/stm32f4xx_it.o
                0x0000000008004f18                MemManage_Handler
 .text.BusFault_Handler
                0x0000000008004f1a        0x2 ./Core/Src/stm32f4xx_it.o
                0x0000000008004f1a                BusFault_Handler
 .text.UsageFault_Handler
                0x0000000008004f1c        0x2 ./Core/Src/stm32f4xx_it.o
                0x0000000008004f1c                UsageFault_Handler
 .text.DebugMon_Handler
                0x0000000008004f1e        0x2 ./Core/Src/stm32f4xx_it.o
                0x0000000008004f1e                DebugMon_Handler
 .text.DMA1_Stream3_IRQHandler
                0x0000000008004f20        0xc ./Core/Src/stm32f4xx_it.o
                0x0000000008004f20                DMA1_Stream3_IRQHandler
 .text.DMA1_Stream4_IRQHandler
                0x0000000008004f2c        0xc ./Core/Src/stm32f4xx_it.o
                0x0000000008004f2c                DMA1_Stream4_IRQHandler
 .text.TIM1_UP_TIM10_IRQHandler
                0x0000000008004f38        0xc ./Core/Src/stm32f4xx_it.o
                0x0000000008004f38                TIM1_UP_TIM10_IRQHandler
 .text.TIM8_CC_IRQHandler
                0x0000000008004f44        0xc ./Core/Src/stm32f4xx_it.o
                0x0000000008004f44                TIM8_CC_IRQHandler
 .text.DMA2_Stream3_IRQHandler
                0x0000000008004f50        0xc ./Core/Src/stm32f4xx_it.o
                0x0000000008004f50                DMA2_Stream3_IRQHandler
 .text.ETH_IRQHandler
                0x0000000008004f5c        0xc ./Core/Src/stm32f4xx_it.o
                0x0000000008004f5c                ETH_IRQHandler
 .text._getpid  0x0000000008004f68        0x4 ./Core/Src/syscalls.o
                0x0000000008004f68                _getpid
 .text._kill    0x0000000008004f6c       0x10 ./Core/Src/syscalls.o
                0x0000000008004f6c                _kill
 .text._exit    0x0000000008004f7c        0xc ./Core/Src/syscalls.o
                0x0000000008004f7c                _exit
 .text._read    0x0000000008004f88       0x1a ./Core/Src/syscalls.o
                0x0000000008004f88                _read
 .text._write   0x0000000008004fa2       0x1a ./Core/Src/syscalls.o
                0x0000000008004fa2                _write
 .text._close   0x0000000008004fbc        0x6 ./Core/Src/syscalls.o
                0x0000000008004fbc                _close
 .text._fstat   0x0000000008004fc2        0xa ./Core/Src/syscalls.o
                0x0000000008004fc2                _fstat
 .text._isatty  0x0000000008004fcc        0x4 ./Core/Src/syscalls.o
                0x0000000008004fcc                _isatty
 .text._lseek   0x0000000008004fd0        0x4 ./Core/Src/syscalls.o
                0x0000000008004fd0                _lseek
 .text._sbrk    0x0000000008004fd4       0x40 ./Core/Src/sysmem.o
                0x0000000008004fd4                _sbrk
 .text.SystemInit
                0x0000000008005014       0x14 ./Core/Src/system_stm32f4xx.o
                0x0000000008005014                SystemInit
 .text.MX_TIM2_Init
                0x0000000008005028       0x70 ./Core/Src/tim.o
                0x0000000008005028                MX_TIM2_Init
 .text.HAL_TIM_Base_MspInit
                0x0000000008005098       0xe8 ./Core/Src/tim.o
                0x0000000008005098                HAL_TIM_Base_MspInit
 .text.HAL_TIM_MspPostInit
                0x0000000008005180       0x58 ./Core/Src/tim.o
                0x0000000008005180                HAL_TIM_MspPostInit
 .text.MX_TIM8_Init
                0x00000000080051d8       0xd0 ./Core/Src/tim.o
                0x00000000080051d8                MX_TIM8_Init
 .text.HAL_TIM_PWM_PulseFinishedCallback
                0x00000000080052a8        0xc ./Core/Src/tim.o
                0x00000000080052a8                HAL_TIM_PWM_PulseFinishedCallback
 .text.MX_UART4_Init
                0x00000000080052b4       0x38 ./Core/Src/usart.o
                0x00000000080052b4                MX_UART4_Init
 .text.MX_UART5_Init
                0x00000000080052ec       0x38 ./Core/Src/usart.o
                0x00000000080052ec                MX_UART5_Init
 .text.HAL_UART_MspInit
                0x0000000008005324       0xf0 ./Core/Src/usart.o
                0x0000000008005324                HAL_UART_MspInit
 .text.W25qxx_DMA_Callback
                0x0000000008005414       0x18 ./Core/Src/w25qxx.o
 .text.W25qxx_AddressCmds
                0x000000000800542c       0x20 ./Core/Src/w25qxx.o
 .text.W25qxx_Spi
                0x000000000800544c       0x28 ./Core/Src/w25qxx.o
 .text.W25qxx_WriteEnable
                0x0000000008005474       0x20 ./Core/Src/w25qxx.o
 .text.W25qxx_WaitForWriteEnd
                0x0000000008005494       0x40 ./Core/Src/w25qxx.o
 .text.W25qxx_ReadID
                0x00000000080054d4       0x3c ./Core/Src/w25qxx.o
                0x00000000080054d4                W25qxx_ReadID
 .text.W25qxx_ReadUniqID
                0x0000000008005510       0x4c ./Core/Src/w25qxx.o
                0x0000000008005510                W25qxx_ReadUniqID
 .text.W25qxx_CheckForWriteEndAndUnlock
                0x000000000800555c       0x68 ./Core/Src/w25qxx.o
                0x000000000800555c                W25qxx_CheckForWriteEndAndUnlock
 .text.W25qxx_CheckForReadEndAndUnlock
                0x00000000080055c4       0x38 ./Core/Src/w25qxx.o
                0x00000000080055c4                W25qxx_CheckForReadEndAndUnlock
 .text.W25qxx_Init
                0x00000000080055fc      0x22c ./Core/Src/w25qxx.o
                0x00000000080055fc                W25qxx_Init
 .text.W25qxx_EraseChip_Initiate
                0x0000000008005828       0x50 ./Core/Src/w25qxx.o
                0x0000000008005828                W25qxx_EraseChip_Initiate
 .text.W25qxx_EraseChip
                0x0000000008005878       0x14 ./Core/Src/w25qxx.o
                0x0000000008005878                W25qxx_EraseChip
 .text.W25qxx_WriteByte_Initiate
                0x000000000800588c       0x84 ./Core/Src/w25qxx.o
                0x000000000800588c                W25qxx_WriteByte_Initiate
 .text.W25qxx_WriteByte
                0x0000000008005910       0x1c ./Core/Src/w25qxx.o
                0x0000000008005910                W25qxx_WriteByte
 .text.W25qxx_ReadByte_Initiate
                0x000000000800592c       0x88 ./Core/Src/w25qxx.o
                0x000000000800592c                W25qxx_ReadByte_Initiate
 .text.W25qxx_ReadByte
                0x00000000080059b4       0x1c ./Core/Src/w25qxx.o
                0x00000000080059b4                W25qxx_ReadByte
 .text.Reset_Handler
                0x00000000080059d0       0x50 ./Core/Startup/startup_stm32f429igtx.o
                0x00000000080059d0                Reset_Handler
 .text.Default_Handler
                0x0000000008005a20        0x2 ./Core/Startup/startup_stm32f429igtx.o
                0x0000000008005a20                RTC_Alarm_IRQHandler
                0x0000000008005a20                HASH_RNG_IRQHandler
                0x0000000008005a20                EXTI2_IRQHandler
                0x0000000008005a20                UART8_IRQHandler
                0x0000000008005a20                SPI4_IRQHandler
                0x0000000008005a20                TIM1_CC_IRQHandler
                0x0000000008005a20                DMA2_Stream5_IRQHandler
                0x0000000008005a20                DMA1_Stream5_IRQHandler
                0x0000000008005a20                PVD_IRQHandler
                0x0000000008005a20                SDIO_IRQHandler
                0x0000000008005a20                TAMP_STAMP_IRQHandler
                0x0000000008005a20                CAN2_RX1_IRQHandler
                0x0000000008005a20                EXTI3_IRQHandler
                0x0000000008005a20                TIM8_TRG_COM_TIM14_IRQHandler
                0x0000000008005a20                TIM8_UP_TIM13_IRQHandler
                0x0000000008005a20                I2C3_ER_IRQHandler
                0x0000000008005a20                EXTI0_IRQHandler
                0x0000000008005a20                I2C2_EV_IRQHandler
                0x0000000008005a20                DMA1_Stream2_IRQHandler
                0x0000000008005a20                CAN1_RX0_IRQHandler
                0x0000000008005a20                FPU_IRQHandler
                0x0000000008005a20                OTG_HS_WKUP_IRQHandler
                0x0000000008005a20                LTDC_ER_IRQHandler
                0x0000000008005a20                CAN2_SCE_IRQHandler
                0x0000000008005a20                DMA2_Stream2_IRQHandler
                0x0000000008005a20                SPI1_IRQHandler
                0x0000000008005a20                TIM6_DAC_IRQHandler
                0x0000000008005a20                TIM1_BRK_TIM9_IRQHandler
                0x0000000008005a20                DCMI_IRQHandler
                0x0000000008005a20                CAN2_RX0_IRQHandler
                0x0000000008005a20                USART6_IRQHandler
                0x0000000008005a20                USART3_IRQHandler
                0x0000000008005a20                CAN1_RX1_IRQHandler
                0x0000000008005a20                UART5_IRQHandler
                0x0000000008005a20                DMA2_Stream0_IRQHandler
                0x0000000008005a20                TIM4_IRQHandler
                0x0000000008005a20                I2C1_EV_IRQHandler
                0x0000000008005a20                DMA1_Stream6_IRQHandler
                0x0000000008005a20                DMA1_Stream1_IRQHandler
                0x0000000008005a20                UART4_IRQHandler
                0x0000000008005a20                TIM3_IRQHandler
                0x0000000008005a20                RCC_IRQHandler
                0x0000000008005a20                TIM8_BRK_TIM12_IRQHandler
                0x0000000008005a20                Default_Handler
                0x0000000008005a20                EXTI15_10_IRQHandler
                0x0000000008005a20                ADC_IRQHandler
                0x0000000008005a20                DMA1_Stream7_IRQHandler
                0x0000000008005a20                SPI5_IRQHandler
                0x0000000008005a20                TIM7_IRQHandler
                0x0000000008005a20                CAN2_TX_IRQHandler
                0x0000000008005a20                TIM5_IRQHandler
                0x0000000008005a20                DMA2_Stream7_IRQHandler
                0x0000000008005a20                I2C3_EV_IRQHandler
                0x0000000008005a20                EXTI9_5_IRQHandler
                0x0000000008005a20                RTC_WKUP_IRQHandler
                0x0000000008005a20                LTDC_IRQHandler
                0x0000000008005a20                ETH_WKUP_IRQHandler
                0x0000000008005a20                SPI2_IRQHandler
                0x0000000008005a20                OTG_HS_EP1_IN_IRQHandler
                0x0000000008005a20                DMA1_Stream0_IRQHandler
                0x0000000008005a20                CAN1_TX_IRQHandler
                0x0000000008005a20                EXTI4_IRQHandler
                0x0000000008005a20                OTG_HS_EP1_OUT_IRQHandler
                0x0000000008005a20                WWDG_IRQHandler
                0x0000000008005a20                SPI6_IRQHandler
                0x0000000008005a20                TIM2_IRQHandler
                0x0000000008005a20                OTG_FS_WKUP_IRQHandler
                0x0000000008005a20                TIM1_TRG_COM_TIM11_IRQHandler
                0x0000000008005a20                OTG_HS_IRQHandler
                0x0000000008005a20                DMA2D_IRQHandler
                0x0000000008005a20                EXTI1_IRQHandler
                0x0000000008005a20                UART7_IRQHandler
                0x0000000008005a20                USART2_IRQHandler
                0x0000000008005a20                I2C2_ER_IRQHandler
                0x0000000008005a20                DMA2_Stream1_IRQHandler
                0x0000000008005a20                CAN1_SCE_IRQHandler
                0x0000000008005a20                FLASH_IRQHandler
                0x0000000008005a20                DMA2_Stream4_IRQHandler
                0x0000000008005a20                USART1_IRQHandler
                0x0000000008005a20                OTG_FS_IRQHandler
                0x0000000008005a20                SPI3_IRQHandler
                0x0000000008005a20                I2C1_ER_IRQHandler
                0x0000000008005a20                FMC_IRQHandler
                0x0000000008005a20                DMA2_Stream6_IRQHandler
                0x0000000008005a20                SAI1_IRQHandler
 *fill*         0x0000000008005a22        0x2 
 .text.HAL_Init
                0x0000000008005a24       0x34 ./Drivers/STM32F4xx_HAL_Driver/Src/stm32f4xx_hal.o
                0x0000000008005a24                HAL_Init
 .text.HAL_IncTick
                0x0000000008005a58       0x18 ./Drivers/STM32F4xx_HAL_Driver/Src/stm32f4xx_hal.o
                0x0000000008005a58                HAL_IncTick
 .text.HAL_GetTick
                0x0000000008005a70        0xc ./Drivers/STM32F4xx_HAL_Driver/Src/stm32f4xx_hal.o
                0x0000000008005a70                HAL_GetTick
 .text.HAL_Delay
                0x0000000008005a7c       0x28 ./Drivers/STM32F4xx_HAL_Driver/Src/stm32f4xx_hal.o
                0x0000000008005a7c                HAL_Delay
 .text.HAL_NVIC_SetPriorityGrouping
                0x0000000008005aa4       0x24 ./Drivers/STM32F4xx_HAL_Driver/Src/stm32f4xx_hal_cortex.o
                0x0000000008005aa4                HAL_NVIC_SetPriorityGrouping
 .text.HAL_NVIC_SetPriority
                0x0000000008005ac8       0x64 ./Drivers/STM32F4xx_HAL_Driver/Src/stm32f4xx_hal_cortex.o
                0x0000000008005ac8                HAL_NVIC_SetPriority
 .text.HAL_NVIC_EnableIRQ
                0x0000000008005b2c       0x1c ./Drivers/STM32F4xx_HAL_Driver/Src/stm32f4xx_hal_cortex.o
                0x0000000008005b2c                HAL_NVIC_EnableIRQ
 .text.DMA_CalcBaseAndBitshift
                0x0000000008005b48       0x2c ./Drivers/STM32F4xx_HAL_Driver/Src/stm32f4xx_hal_dma.o
 .text.HAL_DMA_Init
                0x0000000008005b74      0x100 ./Drivers/STM32F4xx_HAL_Driver/Src/stm32f4xx_hal_dma.o
                0x0000000008005b74                HAL_DMA_Init
 .text.HAL_DMA_Start_IT
                0x0000000008005c74       0x74 ./Drivers/STM32F4xx_HAL_Driver/Src/stm32f4xx_hal_dma.o
                0x0000000008005c74                HAL_DMA_Start_IT
 .text.HAL_DMA_Abort_IT
                0x0000000008005ce8       0x24 ./Drivers/STM32F4xx_HAL_Driver/Src/stm32f4xx_hal_dma.o
                0x0000000008005ce8                HAL_DMA_Abort_IT
 .text.HAL_DMA_IRQHandler
                0x0000000008005d0c      0x17c ./Drivers/STM32F4xx_HAL_Driver/Src/stm32f4xx_hal_dma.o
                0x0000000008005d0c                HAL_DMA_IRQHandler
 .text.ETH_Delay.constprop.0
                0x0000000008005e88       0x24 ./Drivers/STM32F4xx_HAL_Driver/Src/stm32f4xx_hal_eth.o
 .text.ETH_FlushTransmitFIFO
                0x0000000008005eac       0x28 ./Drivers/STM32F4xx_HAL_Driver/Src/stm32f4xx_hal_eth.o
 .text.ETH_MACDMAConfig
                0x0000000008005ed4       0xf4 ./Drivers/STM32F4xx_HAL_Driver/Src/stm32f4xx_hal_eth.o
 .text.HAL_ETH_DMATxDescListInit
                0x0000000008005fc8       0x78 ./Drivers/STM32F4xx_HAL_Driver/Src/stm32f4xx_hal_eth.o
                0x0000000008005fc8                HAL_ETH_DMATxDescListInit
 .text.HAL_ETH_DMARxDescListInit
                0x0000000008006040       0x74 ./Drivers/STM32F4xx_HAL_Driver/Src/stm32f4xx_hal_eth.o
                0x0000000008006040                HAL_ETH_DMARxDescListInit
 .text.HAL_ETH_TransmitFrame
                0x00000000080060b4       0xe8 ./Drivers/STM32F4xx_HAL_Driver/Src/stm32f4xx_hal_eth.o
                0x00000000080060b4                HAL_ETH_TransmitFrame
 .text.HAL_ETH_GetReceivedFrame_IT
                0x000000000800619c       0x8a ./Drivers/STM32F4xx_HAL_Driver/Src/stm32f4xx_hal_eth.o
                0x000000000800619c                HAL_ETH_GetReceivedFrame_IT
 .text.HAL_ETH_TxCpltCallback
                0x0000000008006226        0x2 ./Drivers/STM32F4xx_HAL_Driver/Src/stm32f4xx_hal_eth.o
                0x0000000008006226                HAL_ETH_TxCpltCallback
 .text.HAL_ETH_ErrorCallback
                0x0000000008006228        0x2 ./Drivers/STM32F4xx_HAL_Driver/Src/stm32f4xx_hal_eth.o
                0x0000000008006228                HAL_ETH_ErrorCallback
 .text.HAL_ETH_IRQHandler
                0x000000000800622a       0x70 ./Drivers/STM32F4xx_HAL_Driver/Src/stm32f4xx_hal_eth.o
                0x000000000800622a                HAL_ETH_IRQHandler
 .text.HAL_ETH_ReadPHYRegister
                0x000000000800629a       0x76 ./Drivers/STM32F4xx_HAL_Driver/Src/stm32f4xx_hal_eth.o
                0x000000000800629a                HAL_ETH_ReadPHYRegister
 .text.HAL_ETH_WritePHYRegister
                0x0000000008006310       0x70 ./Drivers/STM32F4xx_HAL_Driver/Src/stm32f4xx_hal_eth.o
                0x0000000008006310                HAL_ETH_WritePHYRegister
 .text.HAL_ETH_Init
                0x0000000008006380      0x1f8 ./Drivers/STM32F4xx_HAL_Driver/Src/stm32f4xx_hal_eth.o
                0x0000000008006380                HAL_ETH_Init
 .text.HAL_ETH_Start
                0x0000000008006578       0x74 ./Drivers/STM32F4xx_HAL_Driver/Src/stm32f4xx_hal_eth.o
                0x0000000008006578                HAL_ETH_Start
 .text.HAL_ETH_Stop
                0x00000000080065ec       0x74 ./Drivers/STM32F4xx_HAL_Driver/Src/stm32f4xx_hal_eth.o
                0x00000000080065ec                HAL_ETH_Stop
 .text.HAL_ETH_ConfigMAC
                0x0000000008006660      0x118 ./Drivers/STM32F4xx_HAL_Driver/Src/stm32f4xx_hal_eth.o
                0x0000000008006660                HAL_ETH_ConfigMAC
 .text.HAL_GPIO_Init
                0x0000000008006778      0x1cc ./Drivers/STM32F4xx_HAL_Driver/Src/stm32f4xx_hal_gpio.o
                0x0000000008006778                HAL_GPIO_Init
 .text.HAL_GPIO_WritePin
                0x0000000008006944        0xa ./Drivers/STM32F4xx_HAL_Driver/Src/stm32f4xx_hal_gpio.o
                0x0000000008006944                HAL_GPIO_WritePin
 .text.I2C_IsAcknowledgeFailed
                0x000000000800694e       0x34 ./Drivers/STM32F4xx_HAL_Driver/Src/stm32f4xx_hal_i2c.o
 .text.I2C_WaitOnMasterAddressFlagUntilTimeout
                0x0000000008006982       0x76 ./Drivers/STM32F4xx_HAL_Driver/Src/stm32f4xx_hal_i2c.o
 .text.I2C_WaitOnBTFFlagUntilTimeout
                0x00000000080069f8       0x4c ./Drivers/STM32F4xx_HAL_Driver/Src/stm32f4xx_hal_i2c.o
 .text.I2C_WaitOnRXNEFlagUntilTimeout
                0x0000000008006a44       0x5e ./Drivers/STM32F4xx_HAL_Driver/Src/stm32f4xx_hal_i2c.o
 .text.I2C_WaitOnFlagUntilTimeout
                0x0000000008006aa2       0x64 ./Drivers/STM32F4xx_HAL_Driver/Src/stm32f4xx_hal_i2c.o
 .text.I2C_WaitOnTXEFlagUntilTimeout
                0x0000000008006b06       0x4c ./Drivers/STM32F4xx_HAL_Driver/Src/stm32f4xx_hal_i2c.o
 *fill*         0x0000000008006b52        0x2 
 .text.HAL_I2C_Init
                0x0000000008006b54      0x150 ./Drivers/STM32F4xx_HAL_Driver/Src/stm32f4xx_hal_i2c.o
                0x0000000008006b54                HAL_I2C_Init
 .text.HAL_I2C_Master_Transmit
                0x0000000008006ca4      0x1b0 ./Drivers/STM32F4xx_HAL_Driver/Src/stm32f4xx_hal_i2c.o
                0x0000000008006ca4                HAL_I2C_Master_Transmit
 .text.HAL_I2C_Master_Receive
                0x0000000008006e54      0x2e0 ./Drivers/STM32F4xx_HAL_Driver/Src/stm32f4xx_hal_i2c.o
                0x0000000008006e54                HAL_I2C_Master_Receive
 .text.HAL_I2CEx_ConfigAnalogFilter
                0x0000000008007134       0x3e ./Drivers/STM32F4xx_HAL_Driver/Src/stm32f4xx_hal_i2c_ex.o
                0x0000000008007134                HAL_I2CEx_ConfigAnalogFilter
 .text.HAL_I2CEx_ConfigDigitalFilter
                0x0000000008007172       0x3e ./Drivers/STM32F4xx_HAL_Driver/Src/stm32f4xx_hal_i2c_ex.o
                0x0000000008007172                HAL_I2CEx_ConfigDigitalFilter
 .text.HAL_PWREx_EnableOverDrive
                0x00000000080071b0       0x78 ./Drivers/STM32F4xx_HAL_Driver/Src/stm32f4xx_hal_pwr_ex.o
                0x00000000080071b0                HAL_PWREx_EnableOverDrive
 .text.HAL_RCC_OscConfig
                0x0000000008007228      0x358 ./Drivers/STM32F4xx_HAL_Driver/Src/stm32f4xx_hal_rcc.o
                0x0000000008007228                HAL_RCC_OscConfig
 .text.HAL_RCC_GetSysClockFreq
                0x0000000008007580       0x5c ./Drivers/STM32F4xx_HAL_Driver/Src/stm32f4xx_hal_rcc.o
                0x0000000008007580                HAL_RCC_GetSysClockFreq
 .text.HAL_RCC_ClockConfig
                0x00000000080075dc      0x138 ./Drivers/STM32F4xx_HAL_Driver/Src/stm32f4xx_hal_rcc.o
                0x00000000080075dc                HAL_RCC_ClockConfig
 .text.HAL_RCC_GetHCLKFreq
                0x0000000008007714        0xc ./Drivers/STM32F4xx_HAL_Driver/Src/stm32f4xx_hal_rcc.o
                0x0000000008007714                HAL_RCC_GetHCLKFreq
 .text.HAL_RCC_GetPCLK1Freq
                0x0000000008007720       0x20 ./Drivers/STM32F4xx_HAL_Driver/Src/stm32f4xx_hal_rcc.o
                0x0000000008007720                HAL_RCC_GetPCLK1Freq
 .text.HAL_RCC_GetPCLK2Freq
                0x0000000008007740       0x20 ./Drivers/STM32F4xx_HAL_Driver/Src/stm32f4xx_hal_rcc.o
                0x0000000008007740                HAL_RCC_GetPCLK2Freq
 .text.HAL_RCC_GetClockConfig
                0x0000000008007760       0x3c ./Drivers/STM32F4xx_HAL_Driver/Src/stm32f4xx_hal_rcc.o
                0x0000000008007760                HAL_RCC_GetClockConfig
 .text.SPI_WaitFlagStateUntilTimeout.constprop.0
                0x000000000800779c       0xa8 ./Drivers/STM32F4xx_HAL_Driver/Src/stm32f4xx_hal_spi.o
 .text.SPI_EndRxTxTransaction
                0x0000000008007844       0x58 ./Drivers/STM32F4xx_HAL_Driver/Src/stm32f4xx_hal_spi.o
 .text.HAL_SPI_AbortCpltCallback
                0x000000000800789c        0x2 ./Drivers/STM32F4xx_HAL_Driver/Src/stm32f4xx_hal_spi.o
                0x000000000800789c                HAL_SPI_AbortCpltCallback
 .text.HAL_SPI_TxCpltCallback
                0x000000000800789e        0x2 ./Drivers/STM32F4xx_HAL_Driver/Src/stm32f4xx_hal_spi.o
                0x000000000800789e                HAL_SPI_TxCpltCallback
 .text.HAL_SPI_RxCpltCallback
                0x00000000080078a0        0x2 ./Drivers/STM32F4xx_HAL_Driver/Src/stm32f4xx_hal_spi.o
                0x00000000080078a0                HAL_SPI_RxCpltCallback
 .text.HAL_SPI_TxRxCpltCallback
                0x00000000080078a2        0x2 ./Drivers/STM32F4xx_HAL_Driver/Src/stm32f4xx_hal_spi.o
                0x00000000080078a2                HAL_SPI_TxRxCpltCallback
 .text.HAL_SPI_TxHalfCpltCallback
                0x00000000080078a4        0x2 ./Drivers/STM32F4xx_HAL_Driver/Src/stm32f4xx_hal_spi.o
                0x00000000080078a4                HAL_SPI_TxHalfCpltCallback
 .text.HAL_SPI_RxHalfCpltCallback
                0x00000000080078a6        0x2 ./Drivers/STM32F4xx_HAL_Driver/Src/stm32f4xx_hal_spi.o
                0x00000000080078a6                HAL_SPI_RxHalfCpltCallback
 .text.HAL_SPI_TxRxHalfCpltCallback
                0x00000000080078a8        0x2 ./Drivers/STM32F4xx_HAL_Driver/Src/stm32f4xx_hal_spi.o
                0x00000000080078a8                HAL_SPI_TxRxHalfCpltCallback
 .text.HAL_SPI_ErrorCallback
                0x00000000080078aa        0x2 ./Drivers/STM32F4xx_HAL_Driver/Src/stm32f4xx_hal_spi.o
                0x00000000080078aa                HAL_SPI_ErrorCallback
 .text.HAL_SPI_Init
                0x00000000080078ac      0x104 ./Drivers/STM32F4xx_HAL_Driver/Src/stm32f4xx_hal_spi.o
                0x00000000080078ac                HAL_SPI_Init
 .text.HAL_SPI_RegisterCallback
                0x00000000080079b0       0x96 ./Drivers/STM32F4xx_HAL_Driver/Src/stm32f4xx_hal_spi.o
                0x00000000080079b0                HAL_SPI_RegisterCallback
 .text.HAL_SPI_Transmit
                0x0000000008007a46      0x15a ./Drivers/STM32F4xx_HAL_Driver/Src/stm32f4xx_hal_spi.o
                0x0000000008007a46                HAL_SPI_Transmit
 .text.HAL_SPI_TransmitReceive
                0x0000000008007ba0      0x1de ./Drivers/STM32F4xx_HAL_Driver/Src/stm32f4xx_hal_spi.o
                0x0000000008007ba0                HAL_SPI_TransmitReceive
 .text.HAL_SRAM_Init
                0x0000000008007d7e       0x54 ./Drivers/STM32F4xx_HAL_Driver/Src/stm32f4xx_hal_sram.o
                0x0000000008007d7e                HAL_SRAM_Init
 *fill*         0x0000000008007dd2        0x2 
 .text.TIM_OC1_SetConfig
                0x0000000008007dd4       0x64 ./Drivers/STM32F4xx_HAL_Driver/Src/stm32f4xx_hal_tim.o
 .text.TIM_OC3_SetConfig
                0x0000000008007e38       0x6c ./Drivers/STM32F4xx_HAL_Driver/Src/stm32f4xx_hal_tim.o
 .text.TIM_OC4_SetConfig
                0x0000000008007ea4       0x4c ./Drivers/STM32F4xx_HAL_Driver/Src/stm32f4xx_hal_tim.o
 .text.HAL_TIM_Base_Start
                0x0000000008007ef0       0x6c ./Drivers/STM32F4xx_HAL_Driver/Src/stm32f4xx_hal_tim.o
                0x0000000008007ef0                HAL_TIM_Base_Start
 .text.HAL_TIM_Base_Start_IT
                0x0000000008007f5c       0x74 ./Drivers/STM32F4xx_HAL_Driver/Src/stm32f4xx_hal_tim.o
                0x0000000008007f5c                HAL_TIM_Base_Start_IT
 .text.HAL_TIM_PWM_MspInit
                0x0000000008007fd0        0x2 ./Drivers/STM32F4xx_HAL_Driver/Src/stm32f4xx_hal_tim.o
                0x0000000008007fd0                HAL_TIM_PWM_MspInit
 .text.HAL_TIM_OC_DelayElapsedCallback
                0x0000000008007fd2        0x2 ./Drivers/STM32F4xx_HAL_Driver/Src/stm32f4xx_hal_tim.o
                0x0000000008007fd2                HAL_TIM_OC_DelayElapsedCallback
 .text.HAL_TIM_IC_CaptureCallback
                0x0000000008007fd4        0x2 ./Drivers/STM32F4xx_HAL_Driver/Src/stm32f4xx_hal_tim.o
                0x0000000008007fd4                HAL_TIM_IC_CaptureCallback
 .text.TIM_DMADelayPulseCplt
                0x0000000008007fd6       0x6a ./Drivers/STM32F4xx_HAL_Driver/Src/stm32f4xx_hal_tim.o
 .text.HAL_TIM_PWM_PulseFinishedHalfCpltCallback
                0x0000000008008040        0x2 ./Drivers/STM32F4xx_HAL_Driver/Src/stm32f4xx_hal_tim.o
                0x0000000008008040                HAL_TIM_PWM_PulseFinishedHalfCpltCallback
 .text.TIM_DMADelayPulseHalfCplt
                0x0000000008008042       0x38 ./Drivers/STM32F4xx_HAL_Driver/Src/stm32f4xx_hal_tim.o
                0x0000000008008042                TIM_DMADelayPulseHalfCplt
 .text.HAL_TIM_TriggerCallback
                0x000000000800807a        0x2 ./Drivers/STM32F4xx_HAL_Driver/Src/stm32f4xx_hal_tim.o
                0x000000000800807a                HAL_TIM_TriggerCallback
 .text.HAL_TIM_IRQHandler
                0x000000000800807c      0x144 ./Drivers/STM32F4xx_HAL_Driver/Src/stm32f4xx_hal_tim.o
                0x000000000800807c                HAL_TIM_IRQHandler
 .text.HAL_TIM_ErrorCallback
                0x00000000080081c0        0x2 ./Drivers/STM32F4xx_HAL_Driver/Src/stm32f4xx_hal_tim.o
                0x00000000080081c0                HAL_TIM_ErrorCallback
 .text.TIM_DMAError
                0x00000000080081c2       0x58 ./Drivers/STM32F4xx_HAL_Driver/Src/stm32f4xx_hal_tim.o
                0x00000000080081c2                TIM_DMAError
 *fill*         0x000000000800821a        0x2 
 .text.TIM_Base_SetConfig
                0x000000000800821c       0xcc ./Drivers/STM32F4xx_HAL_Driver/Src/stm32f4xx_hal_tim.o
                0x000000000800821c                TIM_Base_SetConfig
 .text.HAL_TIM_Base_Init
                0x00000000080082e8       0x58 ./Drivers/STM32F4xx_HAL_Driver/Src/stm32f4xx_hal_tim.o
                0x00000000080082e8                HAL_TIM_Base_Init
 .text.HAL_TIM_PWM_Init
                0x0000000008008340       0x58 ./Drivers/STM32F4xx_HAL_Driver/Src/stm32f4xx_hal_tim.o
                0x0000000008008340                HAL_TIM_PWM_Init
 .text.TIM_OC2_SetConfig
                0x0000000008008398       0x6c ./Drivers/STM32F4xx_HAL_Driver/Src/stm32f4xx_hal_tim.o
                0x0000000008008398                TIM_OC2_SetConfig
 .text.HAL_TIM_PWM_ConfigChannel
                0x0000000008008404       0xb6 ./Drivers/STM32F4xx_HAL_Driver/Src/stm32f4xx_hal_tim.o
                0x0000000008008404                HAL_TIM_PWM_ConfigChannel
 .text.TIM_ETR_SetConfig
                0x00000000080084ba       0x14 ./Drivers/STM32F4xx_HAL_Driver/Src/stm32f4xx_hal_tim.o
                0x00000000080084ba                TIM_ETR_SetConfig
 .text.HAL_TIM_ConfigClockSource
                0x00000000080084ce      0x128 ./Drivers/STM32F4xx_HAL_Driver/Src/stm32f4xx_hal_tim.o
                0x00000000080084ce                HAL_TIM_ConfigClockSource
 .text.TIM_CCxChannelCmd
                0x00000000080085f6       0x1c ./Drivers/STM32F4xx_HAL_Driver/Src/stm32f4xx_hal_tim.o
                0x00000000080085f6                TIM_CCxChannelCmd
 *fill*         0x0000000008008612        0x2 
 .text.HAL_TIM_OC_Start_DMA
                0x0000000008008614      0x198 ./Drivers/STM32F4xx_HAL_Driver/Src/stm32f4xx_hal_tim.o
                0x0000000008008614                HAL_TIM_OC_Start_DMA
 .text.HAL_TIM_PWM_Start_DMA
                0x00000000080087ac        0x4 ./Drivers/STM32F4xx_HAL_Driver/Src/stm32f4xx_hal_tim.o
                0x00000000080087ac                HAL_TIM_PWM_Start_DMA
 .text.HAL_TIM_OC_Stop_DMA
                0x00000000080087b0       0xc8 ./Drivers/STM32F4xx_HAL_Driver/Src/stm32f4xx_hal_tim.o
                0x00000000080087b0                HAL_TIM_OC_Stop_DMA
 .text.HAL_TIM_PWM_Stop_DMA
                0x0000000008008878        0x4 ./Drivers/STM32F4xx_HAL_Driver/Src/stm32f4xx_hal_tim.o
                0x0000000008008878                HAL_TIM_PWM_Stop_DMA
 .text.HAL_TIMEx_MasterConfigSynchronization
                0x000000000800887c       0x7c ./Drivers/STM32F4xx_HAL_Driver/Src/stm32f4xx_hal_tim_ex.o
                0x000000000800887c                HAL_TIMEx_MasterConfigSynchronization
 .text.HAL_TIMEx_ConfigBreakDeadTime
                0x00000000080088f8       0x4c ./Drivers/STM32F4xx_HAL_Driver/Src/stm32f4xx_hal_tim_ex.o
                0x00000000080088f8                HAL_TIMEx_ConfigBreakDeadTime
 .text.HAL_TIMEx_CommutCallback
                0x0000000008008944        0x2 ./Drivers/STM32F4xx_HAL_Driver/Src/stm32f4xx_hal_tim_ex.o
                0x0000000008008944                HAL_TIMEx_CommutCallback
 .text.HAL_TIMEx_BreakCallback
                0x0000000008008946        0x2 ./Drivers/STM32F4xx_HAL_Driver/Src/stm32f4xx_hal_tim_ex.o
                0x0000000008008946                HAL_TIMEx_BreakCallback
 .text.UART_SetConfig
                0x0000000008008948       0xbc ./Drivers/STM32F4xx_HAL_Driver/Src/stm32f4xx_hal_uart.o
 .text.UART_WaitOnFlagUntilTimeout.constprop.0
                0x0000000008008a04       0x50 ./Drivers/STM32F4xx_HAL_Driver/Src/stm32f4xx_hal_uart.o
 .text.HAL_UART_Init
                0x0000000008008a54       0x5c ./Drivers/STM32F4xx_HAL_Driver/Src/stm32f4xx_hal_uart.o
                0x0000000008008a54                HAL_UART_Init
 .text.HAL_UART_Transmit
                0x0000000008008ab0       0xaa ./Drivers/STM32F4xx_HAL_Driver/Src/stm32f4xx_hal_uart.o
                0x0000000008008ab0                HAL_UART_Transmit
 *fill*         0x0000000008008b5a        0x2 
 .text.FMC_NORSRAM_Init
                0x0000000008008b5c       0x6c ./Drivers/STM32F4xx_HAL_Driver/Src/stm32f4xx_ll_fmc.o
                0x0000000008008b5c                FMC_NORSRAM_Init
 .text.FMC_NORSRAM_Timing_Init
                0x0000000008008bc8       0x52 ./Drivers/STM32F4xx_HAL_Driver/Src/stm32f4xx_ll_fmc.o
                0x0000000008008bc8                FMC_NORSRAM_Timing_Init
 *fill*         0x0000000008008c1a        0x2 
 .text.FMC_NORSRAM_Extended_Timing_Init
                0x0000000008008c1c       0x3c ./Drivers/STM32F4xx_HAL_Driver/Src/stm32f4xx_ll_fmc.o
                0x0000000008008c1c                FMC_NORSRAM_Extended_Timing_Init
 .text.MX_LWIP_Init
                0x0000000008008c58       0xfc ./LWIP/App/lwip.o
                0x0000000008008c58                MX_LWIP_Init
 .text.low_level_output
                0x0000000008008d54       0xa0 ./LWIP/Target/ethernetif.o
 .text.ethernetif_input
                0x0000000008008df4       0xfc ./LWIP/Target/ethernetif.o
                0x0000000008008df4                ethernetif_input
 .text.HAL_ETH_MspInit
                0x0000000008008ef0      0x12c ./LWIP/Target/ethernetif.o
                0x0000000008008ef0                HAL_ETH_MspInit
 .text.HAL_ETH_RxCpltCallback
                0x000000000800901c        0xc ./LWIP/Target/ethernetif.o
                0x000000000800901c                HAL_ETH_RxCpltCallback
 .text.ethernetif_init
                0x0000000008009028      0x158 ./LWIP/Target/ethernetif.o
                0x0000000008009028                ethernetif_init
 .text.sys_now  0x0000000008009180        0x4 ./LWIP/Target/ethernetif.o
                0x0000000008009180                sys_now
 .text.ethernetif_set_link
                0x0000000008009184       0x48 ./LWIP/Target/ethernetif.o
                0x0000000008009184                ethernetif_set_link
 .text.ethernetif_notify_conn_changed
                0x00000000080091cc        0x2 ./LWIP/Target/ethernetif.o
                0x00000000080091cc                ethernetif_notify_conn_changed
 *fill*         0x00000000080091ce        0x2 
 .text.ethernetif_update_config
                0x00000000080091d0       0xa8 ./LWIP/Target/ethernetif.o
                0x00000000080091d0                ethernetif_update_config
 .text.SysTick_Handler
                0x0000000008009278       0x1c ./Middlewares/Third_Party/FreeRTOS/Source/CMSIS_RTOS_V2/cmsis_os2.o
                0x0000000008009278                SysTick_Handler
 .text.osKernelInitialize
                0x0000000008009294       0x24 ./Middlewares/Third_Party/FreeRTOS/Source/CMSIS_RTOS_V2/cmsis_os2.o
                0x0000000008009294                osKernelInitialize
 .text.osKernelStart
                0x00000000080092b8       0x34 ./Middlewares/Third_Party/FreeRTOS/Source/CMSIS_RTOS_V2/cmsis_os2.o
                0x00000000080092b8                osKernelStart
 .text.osKernelGetTickCount
                0x00000000080092ec        0xe ./Middlewares/Third_Party/FreeRTOS/Source/CMSIS_RTOS_V2/cmsis_os2.o
                0x00000000080092ec                osKernelGetTickCount
 .text.osThreadNew
                0x00000000080092fa       0x92 ./Middlewares/Third_Party/FreeRTOS/Source/CMSIS_RTOS_V2/cmsis_os2.o
                0x00000000080092fa                osThreadNew
 .text.osDelay  0x000000000800938c       0x18 ./Middlewares/Third_Party/FreeRTOS/Source/CMSIS_RTOS_V2/cmsis_os2.o
                0x000000000800938c                osDelay
 .text.osMutexNew
                0x00000000080093a4       0x6a ./Middlewares/Third_Party/FreeRTOS/Source/CMSIS_RTOS_V2/cmsis_os2.o
                0x00000000080093a4                osMutexNew
 .text.osMutexAcquire
                0x000000000800940e       0x44 ./Middlewares/Third_Party/FreeRTOS/Source/CMSIS_RTOS_V2/cmsis_os2.o
                0x000000000800940e                osMutexAcquire
 .text.osMutexRelease
                0x0000000008009452       0x3c ./Middlewares/Third_Party/FreeRTOS/Source/CMSIS_RTOS_V2/cmsis_os2.o
                0x0000000008009452                osMutexRelease
 .text.osSemaphoreNew
                0x000000000800948e       0x94 ./Middlewares/Third_Party/FreeRTOS/Source/CMSIS_RTOS_V2/cmsis_os2.o
                0x000000000800948e                osSemaphoreNew
 *fill*         0x0000000008009522        0x2 
 .text.osSemaphoreAcquire
                0x0000000008009524       0x58 ./Middlewares/Third_Party/FreeRTOS/Source/CMSIS_RTOS_V2/cmsis_os2.o
                0x0000000008009524                osSemaphoreAcquire
 .text.osSemaphoreRelease
                0x000000000800957c       0x50 ./Middlewares/Third_Party/FreeRTOS/Source/CMSIS_RTOS_V2/cmsis_os2.o
                0x000000000800957c                osSemaphoreRelease
 .text.osSemaphoreGetCount
                0x00000000080095cc       0x12 ./Middlewares/Third_Party/FreeRTOS/Source/CMSIS_RTOS_V2/cmsis_os2.o
                0x00000000080095cc                osSemaphoreGetCount
 .text.osSemaphoreDelete
                0x00000000080095de       0x26 ./Middlewares/Third_Party/FreeRTOS/Source/CMSIS_RTOS_V2/cmsis_os2.o
                0x00000000080095de                osSemaphoreDelete
 .text.osMessageQueueNew
                0x0000000008009604       0x76 ./Middlewares/Third_Party/FreeRTOS/Source/CMSIS_RTOS_V2/cmsis_os2.o
                0x0000000008009604                osMessageQueueNew
 *fill*         0x000000000800967a        0x2 
 .text.osMessageQueuePut
                0x000000000800967c       0x60 ./Middlewares/Third_Party/FreeRTOS/Source/CMSIS_RTOS_V2/cmsis_os2.o
                0x000000000800967c                osMessageQueuePut
 .text.osMessageQueueGet
                0x00000000080096dc       0x60 ./Middlewares/Third_Party/FreeRTOS/Source/CMSIS_RTOS_V2/cmsis_os2.o
                0x00000000080096dc                osMessageQueueGet
 .text.osMessageQueueGetCount
                0x000000000800973c        0x4 ./Middlewares/Third_Party/FreeRTOS/Source/CMSIS_RTOS_V2/cmsis_os2.o
                0x000000000800973c                osMessageQueueGetCount
 .text.osMessageQueueDelete
                0x0000000008009740        0x4 ./Middlewares/Third_Party/FreeRTOS/Source/CMSIS_RTOS_V2/cmsis_os2.o
                0x0000000008009740                osMessageQueueDelete
 .text.vApplicationGetIdleTaskMemory
                0x0000000008009744       0x18 ./Middlewares/Third_Party/FreeRTOS/Source/CMSIS_RTOS_V2/cmsis_os2.o
                0x0000000008009744                vApplicationGetIdleTaskMemory
 .text.vApplicationGetTimerTaskMemory
                0x000000000800975c       0x18 ./Middlewares/Third_Party/FreeRTOS/Source/CMSIS_RTOS_V2/cmsis_os2.o
                0x000000000800975c                vApplicationGetTimerTaskMemory
 .text.vListInitialise
                0x0000000008009774       0x16 ./Middlewares/Third_Party/FreeRTOS/Source/list.o
                0x0000000008009774                vListInitialise
 .text.vListInitialiseItem
                0x000000000800978a        0x6 ./Middlewares/Third_Party/FreeRTOS/Source/list.o
                0x000000000800978a                vListInitialiseItem
 .text.vListInsertEnd
                0x0000000008009790       0x18 ./Middlewares/Third_Party/FreeRTOS/Source/list.o
                0x0000000008009790                vListInsertEnd
 .text.vListInsert
                0x00000000080097a8       0x2e ./Middlewares/Third_Party/FreeRTOS/Source/list.o
                0x00000000080097a8                vListInsert
 .text.uxListRemove
                0x00000000080097d6       0x20 ./Middlewares/Third_Party/FreeRTOS/Source/list.o
                0x00000000080097d6                uxListRemove
 .text.prvIsQueueEmpty
                0x00000000080097f6       0x16 ./Middlewares/Third_Party/FreeRTOS/Source/queue.o
 .text.prvCopyDataToQueue
                0x000000000800980c       0x6a ./Middlewares/Third_Party/FreeRTOS/Source/queue.o
 .text.prvCopyDataFromQueue
                0x0000000008009876       0x2c ./Middlewares/Third_Party/FreeRTOS/Source/queue.o
 .text.prvUnlockQueue
                0x00000000080098a2       0x70 ./Middlewares/Third_Party/FreeRTOS/Source/queue.o
 *fill*         0x0000000008009912        0x2 
 .text.xQueueGenericReset
                0x0000000008009914       0x80 ./Middlewares/Third_Party/FreeRTOS/Source/queue.o
                0x0000000008009914                xQueueGenericReset
 .text.xQueueGenericCreateStatic
                0x0000000008009994       0x9c ./Middlewares/Third_Party/FreeRTOS/Source/queue.o
                0x0000000008009994                xQueueGenericCreateStatic
 .text.xQueueGenericCreate
                0x0000000008009a30       0x4e ./Middlewares/Third_Party/FreeRTOS/Source/queue.o
                0x0000000008009a30                xQueueGenericCreate
 .text.xQueueCreateCountingSemaphoreStatic
                0x0000000008009a7e       0x44 ./Middlewares/Third_Party/FreeRTOS/Source/queue.o
                0x0000000008009a7e                xQueueCreateCountingSemaphoreStatic
 .text.xQueueCreateCountingSemaphore
                0x0000000008009ac2       0x3c ./Middlewares/Third_Party/FreeRTOS/Source/queue.o
                0x0000000008009ac2                xQueueCreateCountingSemaphore
 *fill*         0x0000000008009afe        0x2 
 .text.xQueueGenericSend
                0x0000000008009b00      0x164 ./Middlewares/Third_Party/FreeRTOS/Source/queue.o
                0x0000000008009b00                xQueueGenericSend
 .text.xQueueCreateMutexStatic
                0x0000000008009c64       0x2a ./Middlewares/Third_Party/FreeRTOS/Source/queue.o
                0x0000000008009c64                xQueueCreateMutexStatic
 .text.xQueueGiveMutexRecursive
                0x0000000008009c8e       0x3c ./Middlewares/Third_Party/FreeRTOS/Source/queue.o
                0x0000000008009c8e                xQueueGiveMutexRecursive
 .text.xQueueCreateMutex
                0x0000000008009cca       0x3a ./Middlewares/Third_Party/FreeRTOS/Source/queue.o
                0x0000000008009cca                xQueueCreateMutex
 .text.xQueueGenericSendFromISR
                0x0000000008009d04       0xc4 ./Middlewares/Third_Party/FreeRTOS/Source/queue.o
                0x0000000008009d04                xQueueGenericSendFromISR
 .text.xQueueGiveFromISR
                0x0000000008009dc8       0xa8 ./Middlewares/Third_Party/FreeRTOS/Source/queue.o
                0x0000000008009dc8                xQueueGiveFromISR
 .text.xQueueReceive
                0x0000000008009e70      0x140 ./Middlewares/Third_Party/FreeRTOS/Source/queue.o
                0x0000000008009e70                xQueueReceive
 .text.xQueueSemaphoreTake
                0x0000000008009fb0      0x188 ./Middlewares/Third_Party/FreeRTOS/Source/queue.o
                0x0000000008009fb0                xQueueSemaphoreTake
 .text.xQueueTakeMutexRecursive
                0x000000000800a138       0x44 ./Middlewares/Third_Party/FreeRTOS/Source/queue.o
                0x000000000800a138                xQueueTakeMutexRecursive
 .text.xQueueReceiveFromISR
                0x000000000800a17c       0x9e ./Middlewares/Third_Party/FreeRTOS/Source/queue.o
                0x000000000800a17c                xQueueReceiveFromISR
 .text.uxQueueMessagesWaiting
                0x000000000800a21a       0x2a ./Middlewares/Third_Party/FreeRTOS/Source/queue.o
                0x000000000800a21a                uxQueueMessagesWaiting
 .text.uxQueueMessagesWaitingFromISR
                0x000000000800a244       0x18 ./Middlewares/Third_Party/FreeRTOS/Source/queue.o
                0x000000000800a244                uxQueueMessagesWaitingFromISR
 .text.vQueueAddToRegistry
                0x000000000800a25c       0x24 ./Middlewares/Third_Party/FreeRTOS/Source/queue.o
                0x000000000800a25c                vQueueAddToRegistry
 .text.vQueueUnregisterQueue
                0x000000000800a280       0x30 ./Middlewares/Third_Party/FreeRTOS/Source/queue.o
                0x000000000800a280                vQueueUnregisterQueue
 .text.vQueueDelete
                0x000000000800a2b0       0x2a ./Middlewares/Third_Party/FreeRTOS/Source/queue.o
                0x000000000800a2b0                vQueueDelete
 .text.vQueueWaitForMessageRestricted
                0x000000000800a2da       0x46 ./Middlewares/Third_Party/FreeRTOS/Source/queue.o
                0x000000000800a2da                vQueueWaitForMessageRestricted
 .text.prvAddNewTaskToReadyList
                0x000000000800a320      0x100 ./Middlewares/Third_Party/FreeRTOS/Source/tasks.o
 .text.prvResetNextTaskUnblockTime
                0x000000000800a420       0x24 ./Middlewares/Third_Party/FreeRTOS/Source/tasks.o
 .text.prvInitialiseNewTask.isra.0
                0x000000000800a444       0x9c ./Middlewares/Third_Party/FreeRTOS/Source/tasks.o
 .text.prvDeleteTCB
                0x000000000800a4e0       0x36 ./Middlewares/Third_Party/FreeRTOS/Source/tasks.o
 *fill*         0x000000000800a516        0x2 
 .text.prvIdleTask
                0x000000000800a518       0x64 ./Middlewares/Third_Party/FreeRTOS/Source/tasks.o
 .text.prvAddCurrentTaskToDelayedList
                0x000000000800a57c       0x74 ./Middlewares/Third_Party/FreeRTOS/Source/tasks.o
 .text.xTaskCreateStatic
                0x000000000800a5f0       0x70 ./Middlewares/Third_Party/FreeRTOS/Source/tasks.o
                0x000000000800a5f0                xTaskCreateStatic
 .text.xTaskCreate
                0x000000000800a660       0x5a ./Middlewares/Third_Party/FreeRTOS/Source/tasks.o
                0x000000000800a660                xTaskCreate
 *fill*         0x000000000800a6ba        0x2 
 .text.vTaskDelete
                0x000000000800a6bc       0xb0 ./Middlewares/Third_Party/FreeRTOS/Source/tasks.o
                0x000000000800a6bc                vTaskDelete
 .text.vTaskStartScheduler
                0x000000000800a76c       0x88 ./Middlewares/Third_Party/FreeRTOS/Source/tasks.o
                0x000000000800a76c                vTaskStartScheduler
 .text.vTaskSuspendAll
                0x000000000800a7f4       0x10 ./Middlewares/Third_Party/FreeRTOS/Source/tasks.o
                0x000000000800a7f4                vTaskSuspendAll
 .text.xTaskGetTickCount
                0x000000000800a804        0xc ./Middlewares/Third_Party/FreeRTOS/Source/tasks.o
                0x000000000800a804                xTaskGetTickCount
 .text.xTaskGetTickCountFromISR
                0x000000000800a810       0x10 ./Middlewares/Third_Party/FreeRTOS/Source/tasks.o
                0x000000000800a810                xTaskGetTickCountFromISR
 .text.xTaskIncrementTick
                0x000000000800a820      0x12c ./Middlewares/Third_Party/FreeRTOS/Source/tasks.o
                0x000000000800a820                xTaskIncrementTick
 .text.xTaskResumeAll
                0x000000000800a94c       0xe8 ./Middlewares/Third_Party/FreeRTOS/Source/tasks.o
                0x000000000800a94c                xTaskResumeAll
 .text.vTaskDelay
                0x000000000800aa34       0x48 ./Middlewares/Third_Party/FreeRTOS/Source/tasks.o
                0x000000000800aa34                vTaskDelay
 .text.vTaskSwitchContext
                0x000000000800aa7c       0x78 ./Middlewares/Third_Party/FreeRTOS/Source/tasks.o
                0x000000000800aa7c                vTaskSwitchContext
 .text.vTaskPlaceOnEventList
                0x000000000800aaf4       0x34 ./Middlewares/Third_Party/FreeRTOS/Source/tasks.o
                0x000000000800aaf4                vTaskPlaceOnEventList
 .text.vTaskPlaceOnEventListRestricted
                0x000000000800ab28       0x3c ./Middlewares/Third_Party/FreeRTOS/Source/tasks.o
                0x000000000800ab28                vTaskPlaceOnEventListRestricted
 .text.xTaskRemoveFromEventList
                0x000000000800ab64       0x88 ./Middlewares/Third_Party/FreeRTOS/Source/tasks.o
                0x000000000800ab64                xTaskRemoveFromEventList
 .text.vTaskInternalSetTimeOutState
                0x000000000800abec       0x18 ./Middlewares/Third_Party/FreeRTOS/Source/tasks.o
                0x000000000800abec                vTaskInternalSetTimeOutState
 .text.xTaskCheckForTimeOut
                0x000000000800ac04       0x78 ./Middlewares/Third_Party/FreeRTOS/Source/tasks.o
                0x000000000800ac04                xTaskCheckForTimeOut
 .text.vTaskMissedYield
                0x000000000800ac7c        0xc ./Middlewares/Third_Party/FreeRTOS/Source/tasks.o
                0x000000000800ac7c                vTaskMissedYield
 .text.xTaskGetCurrentTaskHandle
                0x000000000800ac88        0xc ./Middlewares/Third_Party/FreeRTOS/Source/tasks.o
                0x000000000800ac88                xTaskGetCurrentTaskHandle
 .text.xTaskGetSchedulerState
                0x000000000800ac94       0x20 ./Middlewares/Third_Party/FreeRTOS/Source/tasks.o
                0x000000000800ac94                xTaskGetSchedulerState
 .text.xTaskPriorityInherit
                0x000000000800acb4       0x84 ./Middlewares/Third_Party/FreeRTOS/Source/tasks.o
                0x000000000800acb4                xTaskPriorityInherit
 .text.xTaskPriorityDisinherit
                0x000000000800ad38       0x88 ./Middlewares/Third_Party/FreeRTOS/Source/tasks.o
                0x000000000800ad38                xTaskPriorityDisinherit
 .text.vTaskPriorityDisinheritAfterTimeout
                0x000000000800adc0       0xa4 ./Middlewares/Third_Party/FreeRTOS/Source/tasks.o
                0x000000000800adc0                vTaskPriorityDisinheritAfterTimeout
 .text.pvTaskIncrementMutexHeldCount
                0x000000000800ae64       0x18 ./Middlewares/Third_Party/FreeRTOS/Source/tasks.o
                0x000000000800ae64                pvTaskIncrementMutexHeldCount
 .text.prvCheckForValidListAndQueue
                0x000000000800ae7c       0x68 ./Middlewares/Third_Party/FreeRTOS/Source/timers.o
 .text.prvInsertTimerInActiveList
                0x000000000800aee4       0x3c ./Middlewares/Third_Party/FreeRTOS/Source/timers.o
 .text.xTimerCreateTimerTask
                0x000000000800af20       0x64 ./Middlewares/Third_Party/FreeRTOS/Source/timers.o
                0x000000000800af20                xTimerCreateTimerTask
 .text.xTimerGenericCommand
                0x000000000800af84       0x58 ./Middlewares/Third_Party/FreeRTOS/Source/timers.o
                0x000000000800af84                xTimerGenericCommand
 .text.prvSwitchTimerLists
                0x000000000800afdc       0x7c ./Middlewares/Third_Party/FreeRTOS/Source/timers.o
 .text.prvTimerTask
                0x000000000800b058      0x1f8 ./Middlewares/Third_Party/FreeRTOS/Source/timers.o
 .text.prvPortStartFirstTask
                0x000000000800b250       0x28 ./Middlewares/Third_Party/FreeRTOS/Source/portable/GCC/ARM_CM4F/port.o
 .text.vPortEnableVFP
                0x000000000800b278       0x14 ./Middlewares/Third_Party/FreeRTOS/Source/portable/GCC/ARM_CM4F/port.o
 .text.prvTaskExitError
                0x000000000800b28c       0x40 ./Middlewares/Third_Party/FreeRTOS/Source/portable/GCC/ARM_CM4F/port.o
 .text.pxPortInitialiseStack
                0x000000000800b2cc       0x2c ./Middlewares/Third_Party/FreeRTOS/Source/portable/GCC/ARM_CM4F/port.o
                0x000000000800b2cc                pxPortInitialiseStack
 *fill*         0x000000000800b2f8        0x8 
 .text.SVC_Handler
                0x000000000800b300       0x24 ./Middlewares/Third_Party/FreeRTOS/Source/portable/GCC/ARM_CM4F/port.o
                0x000000000800b300                SVC_Handler
 .text.vPortEnterCritical
                0x000000000800b324       0x44 ./Middlewares/Third_Party/FreeRTOS/Source/portable/GCC/ARM_CM4F/port.o
                0x000000000800b324                vPortEnterCritical
 .text.vPortExitCritical
                0x000000000800b368       0x28 ./Middlewares/Third_Party/FreeRTOS/Source/portable/GCC/ARM_CM4F/port.o
                0x000000000800b368                vPortExitCritical
 .text.PendSV_Handler
                0x000000000800b390       0x64 ./Middlewares/Third_Party/FreeRTOS/Source/portable/GCC/ARM_CM4F/port.o
                0x000000000800b390                PendSV_Handler
 .text.xPortSysTickHandler
                0x000000000800b3f4       0x2c ./Middlewares/Third_Party/FreeRTOS/Source/portable/GCC/ARM_CM4F/port.o
                0x000000000800b3f4                xPortSysTickHandler
 .text.vPortSetupTimerInterrupt
                0x000000000800b420       0x34 ./Middlewares/Third_Party/FreeRTOS/Source/portable/GCC/ARM_CM4F/port.o
                0x000000000800b420                vPortSetupTimerInterrupt
 .text.xPortStartScheduler
                0x000000000800b454      0x108 ./Middlewares/Third_Party/FreeRTOS/Source/portable/GCC/ARM_CM4F/port.o
                0x000000000800b454                xPortStartScheduler
 .text.vPortValidateInterruptPriority
                0x000000000800b55c       0x5c ./Middlewares/Third_Party/FreeRTOS/Source/portable/GCC/ARM_CM4F/port.o
                0x000000000800b55c                vPortValidateInterruptPriority
 .text.prvInsertBlockIntoFreeList
                0x000000000800b5b8       0x48 ./Middlewares/Third_Party/FreeRTOS/Source/portable/MemMang/heap_4.o
 .text.pvPortMalloc
                0x000000000800b600      0x124 ./Middlewares/Third_Party/FreeRTOS/Source/portable/MemMang/heap_4.o
                0x000000000800b600                pvPortMalloc
 .text.vPortFree
                0x000000000800b724       0x7c ./Middlewares/Third_Party/FreeRTOS/Source/portable/MemMang/heap_4.o
                0x000000000800b724                vPortFree
 .text.netconn_apimsg
                0x000000000800b7a0       0x14 ./Middlewares/Third_Party/LwIP/src/api/api_lib.o
 .text.netconn_close_shutdown
                0x000000000800b7b4       0x44 ./Middlewares/Third_Party/LwIP/src/api/api_lib.o
 .text.netconn_new_with_proto_and_callback
                0x000000000800b7f8       0xb4 ./Middlewares/Third_Party/LwIP/src/api/api_lib.o
                0x000000000800b7f8                netconn_new_with_proto_and_callback
 .text.netconn_prepare_delete
                0x000000000800b8ac       0x20 ./Middlewares/Third_Party/LwIP/src/api/api_lib.o
                0x000000000800b8ac                netconn_prepare_delete
 .text.netconn_delete
                0x000000000800b8cc       0x1c ./Middlewares/Third_Party/LwIP/src/api/api_lib.o
                0x000000000800b8cc                netconn_delete
 .text.netconn_getaddr
                0x000000000800b8e8       0x64 ./Middlewares/Third_Party/LwIP/src/api/api_lib.o
                0x000000000800b8e8                netconn_getaddr
 .text.netconn_bind
                0x000000000800b94c       0x4c ./Middlewares/Third_Party/LwIP/src/api/api_lib.o
                0x000000000800b94c                netconn_bind
 .text.netconn_listen_with_backlog
                0x000000000800b998       0x3c ./Middlewares/Third_Party/LwIP/src/api/api_lib.o
                0x000000000800b998                netconn_listen_with_backlog
 .text.netconn_tcp_recvd
                0x000000000800b9d4       0x48 ./Middlewares/Third_Party/LwIP/src/api/api_lib.o
                0x000000000800b9d4                netconn_tcp_recvd
 .text.netconn_send
                0x000000000800ba1c       0x3c ./Middlewares/Third_Party/LwIP/src/api/api_lib.o
                0x000000000800ba1c                netconn_send
 .text.netconn_write_vectors_partly
                0x000000000800ba58       0xd8 ./Middlewares/Third_Party/LwIP/src/api/api_lib.o
                0x000000000800ba58                netconn_write_vectors_partly
 .text.netconn_write_partly
                0x000000000800bb30       0x18 ./Middlewares/Third_Party/LwIP/src/api/api_lib.o
                0x000000000800bb30                netconn_write_partly
 .text.netconn_err
                0x000000000800bb48       0x1e ./Middlewares/Third_Party/LwIP/src/api/api_lib.o
                0x000000000800bb48                netconn_err
 *fill*         0x000000000800bb66        0x2 
 .text.netconn_accept
                0x000000000800bb68       0xb0 ./Middlewares/Third_Party/LwIP/src/api/api_lib.o
                0x000000000800bb68                netconn_accept
 .text.netconn_recv_data
                0x000000000800bc18       0xec ./Middlewares/Third_Party/LwIP/src/api/api_lib.o
 .text.netconn_recv_udp_raw_netbuf_flags
                0x000000000800bd04       0x38 ./Middlewares/Third_Party/LwIP/src/api/api_lib.o
                0x000000000800bd04                netconn_recv_udp_raw_netbuf_flags
 .text.netconn_recv_data_tcp
                0x000000000800bd3c       0xc4 ./Middlewares/Third_Party/LwIP/src/api/api_lib.o
 .text.netconn_recv_tcp_pbuf_flags
                0x000000000800be00       0x38 ./Middlewares/Third_Party/LwIP/src/api/api_lib.o
                0x000000000800be00                netconn_recv_tcp_pbuf_flags
 .text.recv_udp
                0x000000000800be38       0xbc ./Middlewares/Third_Party/LwIP/src/api/api_msg.o
 .text.setup_tcp
                0x000000000800bef4       0x44 ./Middlewares/Third_Party/LwIP/src/api/api_msg.o
 .text.lwip_netconn_do_writemore
                0x000000000800bf38      0x250 ./Middlewares/Third_Party/LwIP/src/api/api_msg.o
 .text.lwip_netconn_do_close_internal
                0x000000000800c188      0x1e8 ./Middlewares/Third_Party/LwIP/src/api/api_msg.o
 .text.poll_tcp
                0x000000000800c370       0x78 ./Middlewares/Third_Party/LwIP/src/api/api_msg.o
 .text.recv_tcp
                0x000000000800c3e8       0xd0 ./Middlewares/Third_Party/LwIP/src/api/api_msg.o
 .text.err_tcp  0x000000000800c4b8      0x140 ./Middlewares/Third_Party/LwIP/src/api/api_msg.o
 .text.sent_tcp
                0x000000000800c5f8       0x6c ./Middlewares/Third_Party/LwIP/src/api/api_msg.o
 .text.lwip_netconn_is_err_msg
                0x000000000800c664       0x54 ./Middlewares/Third_Party/LwIP/src/api/api_msg.o
                0x000000000800c664                lwip_netconn_is_err_msg
 .text.lwip_netconn_do_newconn
                0x000000000800c6b8       0x60 ./Middlewares/Third_Party/LwIP/src/api/api_msg.o
                0x000000000800c6b8                lwip_netconn_do_newconn
 .text.netconn_alloc
                0x000000000800c718       0x8c ./Middlewares/Third_Party/LwIP/src/api/api_msg.o
                0x000000000800c718                netconn_alloc
 .text.netconn_free
                0x000000000800c7a4       0x78 ./Middlewares/Third_Party/LwIP/src/api/api_msg.o
                0x000000000800c7a4                netconn_free
 .text.netconn_drain
                0x000000000800c81c       0x9e ./Middlewares/Third_Party/LwIP/src/api/api_msg.o
 *fill*         0x000000000800c8ba        0x2 
 .text.accept_function
                0x000000000800c8bc       0xf4 ./Middlewares/Third_Party/LwIP/src/api/api_msg.o
 .text.lwip_netconn_do_delconn
                0x000000000800c9b0      0x10c ./Middlewares/Third_Party/LwIP/src/api/api_msg.o
                0x000000000800c9b0                lwip_netconn_do_delconn
 .text.lwip_netconn_do_bind
                0x000000000800cabc       0x34 ./Middlewares/Third_Party/LwIP/src/api/api_msg.o
                0x000000000800cabc                lwip_netconn_do_bind
 .text.lwip_netconn_do_listen
                0x000000000800caf0       0xb8 ./Middlewares/Third_Party/LwIP/src/api/api_msg.o
                0x000000000800caf0                lwip_netconn_do_listen
 .text.lwip_netconn_do_send
                0x000000000800cba8       0x3c ./Middlewares/Third_Party/LwIP/src/api/api_msg.o
                0x000000000800cba8                lwip_netconn_do_send
 .text.lwip_netconn_do_recv
                0x000000000800cbe4       0x36 ./Middlewares/Third_Party/LwIP/src/api/api_msg.o
                0x000000000800cbe4                lwip_netconn_do_recv
 *fill*         0x000000000800cc1a        0x2 
 .text.lwip_netconn_do_write
                0x000000000800cc1c       0xcc ./Middlewares/Third_Party/LwIP/src/api/api_msg.o
                0x000000000800cc1c                lwip_netconn_do_write
 .text.lwip_netconn_do_getaddr
                0x000000000800cce8       0x74 ./Middlewares/Third_Party/LwIP/src/api/api_msg.o
                0x000000000800cce8                lwip_netconn_do_getaddr
 .text.lwip_netconn_do_close
                0x000000000800cd5c       0xbc ./Middlewares/Third_Party/LwIP/src/api/api_msg.o
                0x000000000800cd5c                lwip_netconn_do_close
 .text.err_to_errno
                0x000000000800ce18       0x1c ./Middlewares/Third_Party/LwIP/src/api/err.o
                0x000000000800ce18                err_to_errno
 .text.netbuf_delete
                0x000000000800ce34       0x22 ./Middlewares/Third_Party/LwIP/src/api/netbuf.o
                0x000000000800ce34                netbuf_delete
 *fill*         0x000000000800ce56        0x2 
 .text.netbuf_free
                0x000000000800ce58       0x34 ./Middlewares/Third_Party/LwIP/src/api/netbuf.o
                0x000000000800ce58                netbuf_free
 .text.netbuf_ref
                0x000000000800ce8c       0x54 ./Middlewares/Third_Party/LwIP/src/api/netbuf.o
                0x000000000800ce8c                netbuf_ref
 .text.alloc_socket
                0x000000000800cee0       0x80 ./Middlewares/Third_Party/LwIP/src/api/sockets.o
 .text.lwip_recv_tcp
                0x000000000800cf60      0x158 ./Middlewares/Third_Party/LwIP/src/api/sockets.o
 .text.lwip_sockopt_to_ipopt
                0x000000000800d0b8       0x2c ./Middlewares/Third_Party/LwIP/src/api/sockets.o
 .text.lwip_sock_make_addr.isra.0
                0x000000000800d0e4       0x90 ./Middlewares/Third_Party/LwIP/src/api/sockets.o
 .text.free_socket
                0x000000000800d174       0x36 ./Middlewares/Third_Party/LwIP/src/api/sockets.o
 *fill*         0x000000000800d1aa        0x2 
 .text.lwip_recvfrom_udp_raw.isra.0
                0x000000000800d1ac       0xf0 ./Middlewares/Third_Party/LwIP/src/api/sockets.o
 .text.get_socket
                0x000000000800d29c       0x24 ./Middlewares/Third_Party/LwIP/src/api/sockets.o
 .text.event_callback
                0x000000000800d2c0      0x164 ./Middlewares/Third_Party/LwIP/src/api/sockets.o
 .text.lwip_accept
                0x000000000800d424      0x14c ./Middlewares/Third_Party/LwIP/src/api/sockets.o
                0x000000000800d424                lwip_accept
 .text.lwip_bind
                0x000000000800d570       0x6c ./Middlewares/Third_Party/LwIP/src/api/sockets.o
                0x000000000800d570                lwip_bind
 .text.lwip_close
                0x000000000800d5dc       0x70 ./Middlewares/Third_Party/LwIP/src/api/sockets.o
                0x000000000800d5dc                lwip_close
 .text.lwip_listen
                0x000000000800d64c       0x48 ./Middlewares/Third_Party/LwIP/src/api/sockets.o
                0x000000000800d64c                lwip_listen
 .text.lwip_recvfrom
                0x000000000800d694       0xb8 ./Middlewares/Third_Party/LwIP/src/api/sockets.o
                0x000000000800d694                lwip_recvfrom
 .text.lwip_recv
                0x000000000800d74c       0x10 ./Middlewares/Third_Party/LwIP/src/api/sockets.o
                0x000000000800d74c                lwip_recv
 .text.lwip_sendto
                0x000000000800d75c       0xe8 ./Middlewares/Third_Party/LwIP/src/api/sockets.o
                0x000000000800d75c                lwip_sendto
 .text.lwip_send
                0x000000000800d844       0x70 ./Middlewares/Third_Party/LwIP/src/api/sockets.o
                0x000000000800d844                lwip_send
 .text.lwip_socket
                0x000000000800d8b4       0x70 ./Middlewares/Third_Party/LwIP/src/api/sockets.o
                0x000000000800d8b4                lwip_socket
 .text.lwip_write
                0x000000000800d924        0x6 ./Middlewares/Third_Party/LwIP/src/api/sockets.o
                0x000000000800d924                lwip_write
 *fill*         0x000000000800d92a        0x2 
 .text.lwip_setsockopt
                0x000000000800d92c      0x1d0 ./Middlewares/Third_Party/LwIP/src/api/sockets.o
                0x000000000800d92c                lwip_setsockopt
 .text.tcpip_thread
                0x000000000800dafc       0xd0 ./Middlewares/Third_Party/LwIP/src/api/tcpip.o
 .text.tcpip_inpkt
                0x000000000800dbcc       0x58 ./Middlewares/Third_Party/LwIP/src/api/tcpip.o
                0x000000000800dbcc                tcpip_inpkt
 .text.tcpip_input
                0x000000000800dc24       0x1c ./Middlewares/Third_Party/LwIP/src/api/tcpip.o
                0x000000000800dc24                tcpip_input
 .text.tcpip_send_msg_wait_sem
                0x000000000800dc40       0x20 ./Middlewares/Third_Party/LwIP/src/api/tcpip.o
                0x000000000800dc40                tcpip_send_msg_wait_sem
 .text.tcpip_init
                0x000000000800dc60       0x80 ./Middlewares/Third_Party/LwIP/src/api/tcpip.o
                0x000000000800dc60                tcpip_init
 .text.lwip_htons
                0x000000000800dce0        0x6 ./Middlewares/Third_Party/LwIP/src/core/def.o
                0x000000000800dce0                lwip_htons
 .text.lwip_htonl
                0x000000000800dce6        0x4 ./Middlewares/Third_Party/LwIP/src/core/def.o
                0x000000000800dce6                lwip_htonl
 .text.lwip_init
                0x000000000800dcea       0x22 ./Middlewares/Third_Party/LwIP/src/core/init.o
                0x000000000800dcea                lwip_init
 .text.mem_init
                0x000000000800dd0c       0x70 ./Middlewares/Third_Party/LwIP/src/core/mem.o
                0x000000000800dd0c                mem_init
 .text.mem_free
                0x000000000800dd7c      0x1b4 ./Middlewares/Third_Party/LwIP/src/core/mem.o
                0x000000000800dd7c                mem_free
 .text.mem_trim
                0x000000000800df30      0x168 ./Middlewares/Third_Party/LwIP/src/core/mem.o
                0x000000000800df30                mem_trim
 .text.mem_malloc
                0x000000000800e098      0x15c ./Middlewares/Third_Party/LwIP/src/core/mem.o
                0x000000000800e098                mem_malloc
 .text.do_memp_malloc_pool.isra.0
                0x000000000800e1f4       0x3c ./Middlewares/Third_Party/LwIP/src/core/memp.o
 .text.do_memp_free_pool.isra.0
                0x000000000800e230       0x38 ./Middlewares/Third_Party/LwIP/src/core/memp.o
 .text.memp_init_pool
                0x000000000800e268       0x26 ./Middlewares/Third_Party/LwIP/src/core/memp.o
                0x000000000800e268                memp_init_pool
 *fill*         0x000000000800e28e        0x2 
 .text.memp_init
                0x000000000800e290       0x1c ./Middlewares/Third_Party/LwIP/src/core/memp.o
                0x000000000800e290                memp_init
 .text.memp_malloc
                0x000000000800e2ac       0x38 ./Middlewares/Third_Party/LwIP/src/core/memp.o
                0x000000000800e2ac                memp_malloc
 .text.memp_free
                0x000000000800e2e4       0x34 ./Middlewares/Third_Party/LwIP/src/core/memp.o
                0x000000000800e2e4                memp_free
 .text.netif_null_output_ip4
                0x000000000800e318        0x6 ./Middlewares/Third_Party/LwIP/src/core/netif.o
 *fill*         0x000000000800e31e        0x2 
 .text.netif_issue_reports
                0x000000000800e320       0x48 ./Middlewares/Third_Party/LwIP/src/core/netif.o
 .text.netif_do_set_ipaddr
                0x000000000800e368       0x60 ./Middlewares/Third_Party/LwIP/src/core/netif.o
 .text.netif_init
                0x000000000800e3c8        0x2 ./Middlewares/Third_Party/LwIP/src/core/netif.o
                0x000000000800e3c8                netif_init
 *fill*         0x000000000800e3ca        0x2 
 .text.netif_set_addr
                0x000000000800e3cc       0x58 ./Middlewares/Third_Party/LwIP/src/core/netif.o
                0x000000000800e3cc                netif_set_addr
 .text.netif_add
                0x000000000800e424      0x130 ./Middlewares/Third_Party/LwIP/src/core/netif.o
                0x000000000800e424                netif_add
 .text.netif_set_default
                0x000000000800e554        0xc ./Middlewares/Third_Party/LwIP/src/core/netif.o
                0x000000000800e554                netif_set_default
 .text.netif_set_up